==========================================
Job Array ID: 16902596
Task ID: 19
Batch size: 20 (sequential)
nperseg: 1000 (freq resolution: 0.5 Hz)
max_freq: 170 Hz
==========================================
======================================================================
BATCH JOB: Processing files 361 to 380
Batch size: 20 | Total files: 3205
======================================================================

======================================================================
BATCH FILE 1/20: sub-061_ses-01_run-DA1005IJ.nwb
Overall: 361/3205
======================================================================
======================================================================
PROCESSING: sub-061_ses-01_run-DA1005IJ.nwb
======================================================================
==========================================
Job finished with exit code: 1
==========================================
