==========================================
Job Array ID: 16355863
Task ID: 8
Batch size: 20 (sequential)
nperseg: 1000 (freq resolution: 0.5 Hz)
max_freq: 170 Hz
==========================================
======================================================================
BATCH JOB: Processing files 141 to 160
Batch size: 20 | Total files: 1525
======================================================================

======================================================================
BATCH FILE 1/20: sub-117_ses-01_run-DA5265RH.nwb
Overall: 141/1525
======================================================================
======================================================================
PROCESSING: sub-117_ses-01_run-DA5265RH.nwb
======================================================================
==========================================
Job finished with exit code: 1
==========================================
