==========================================
Job Array ID: 16902596
Task ID: 142
Batch size: 20 (sequential)
nperseg: 1000 (freq resolution: 0.5 Hz)
max_freq: 170 Hz
==========================================
======================================================================
BATCH JOB: Processing files 2821 to 2840
Batch size: 20 | Total files: 3205
======================================================================

======================================================================
BATCH FILE 1/20: sub-165_ses-01_run-EA1892XH.nwb
Overall: 2821/3205
======================================================================
======================================================================
PROCESSING: sub-165_ses-01_run-EA1892XH.nwb
======================================================================
==========================================
Job finished with exit code: 1
==========================================
