==========================================
Job Array ID: 16902596
Task ID: 46
Batch size: 20 (sequential)
nperseg: 1000 (freq resolution: 0.5 Hz)
max_freq: 170 Hz
==========================================
======================================================================
BATCH JOB: Processing files 901 to 920
Batch size: 20 | Total files: 3205
======================================================================

======================================================================
BATCH FILE 1/20: sub-094_ses-01_run-DA5262LW.nwb
Overall: 901/3205
======================================================================
======================================================================
PROCESSING: sub-094_ses-01_run-DA5262LW.nwb
======================================================================
==========================================
Job finished with exit code: 1
==========================================
