==========================================
Job Array ID: 16902596
Task ID: 74
Batch size: 20 (sequential)
nperseg: 1000 (freq resolution: 0.5 Hz)
max_freq: 170 Hz
==========================================
======================================================================
BATCH JOB: Processing files 1461 to 1480
Batch size: 20 | Total files: 3205
======================================================================

======================================================================
BATCH FILE 1/20: sub-116_ses-01_run-DA5265MR.nwb
Overall: 1461/3205
======================================================================
======================================================================
PROCESSING: sub-116_ses-01_run-DA5265MR.nwb
======================================================================
==========================================
Job finished with exit code: 1
==========================================
