==========================================
Job Array ID: 16045310
Task ID: 28
Batch size: 20 (sequential)
nperseg: 1000 (freq resolution: 0.5 Hz)
max_freq: 170 Hz
==========================================
======================================================================
BATCH JOB: Processing files 541 to 560
Batch size: 20 | Total files: 612
======================================================================

======================================================================
BATCH FILE 1/20: sub-252_ses-01_run-IA6193WF.nwb
Overall: 541/612
======================================================================
======================================================================
PROCESSING: sub-252_ses-01_run-IA6193WF.nwb
======================================================================

File info:
  Samples: 14,400,000 (120.0 minutes)
  Channels: 90
  Sampling rate: 2000.0 Hz
  Data size: 4.83 GB (float32)

Creating bipolar pairs...
  Created 80 bipolar pairs from 90 electrodes

Computing band power (chunked processing)...

  Time-varying band power with Welch's method:
    Time bin size: 60.0s (120,000 samples)
    Welch segment size: 0.5s (1000 samples)
    Welch overlap: 50% (500 samples)
    Frequency resolution: 2.00 Hz
    Frequency range: 0-1000.0 Hz (501 bins)
    Note: nfft adjusted from 170 to 1000 (nfft must be ≥ nperseg)
    Total time bins: 120
    Chunk 1/120 (0.8%)    Chunk 2/120 (1.7%)    Chunk 3/120 (2.5%)    Chunk 4/120 (3.3%)==========================================
Job finished with exit code: 1
==========================================
