==========================================
Job Array ID: 16902596
Task ID: 144
Batch size: 20 (sequential)
nperseg: 1000 (freq resolution: 0.5 Hz)
max_freq: 170 Hz
==========================================
======================================================================
BATCH JOB: Processing files 2861 to 2880
Batch size: 20 | Total files: 3205
======================================================================

======================================================================
BATCH FILE 1/20: sub-171_ses-01_run-EA1894EY.nwb
Overall: 2861/3205
======================================================================
======================================================================
PROCESSING: sub-171_ses-01_run-EA1894EY.nwb
======================================================================
==========================================
Job finished with exit code: 1
==========================================
