==========================================
Job Array ID: 16902596
Task ID: 125
Batch size: 20 (sequential)
nperseg: 1000 (freq resolution: 0.5 Hz)
max_freq: 170 Hz
==========================================
======================================================================
BATCH JOB: Processing files 2481 to 2500
Batch size: 20 | Total files: 3205
======================================================================

======================================================================
BATCH FILE 1/20: sub-161_ses-01_run-EA70020J.nwb
Overall: 2481/3205
======================================================================
======================================================================
PROCESSING: sub-161_ses-01_run-EA70020J.nwb
======================================================================
==========================================
Job finished with exit code: 1
==========================================
