==========================================
Job Array ID: 16902596
Task ID: 47
Batch size: 20 (sequential)
nperseg: 1000 (freq resolution: 0.5 Hz)
max_freq: 170 Hz
==========================================
======================================================================
BATCH JOB: Processing files 921 to 940
Batch size: 20 | Total files: 3205
======================================================================

======================================================================
BATCH FILE 1/20: sub-094_ses-01_run-DA5262MG.nwb
Overall: 921/3205
======================================================================
======================================================================
PROCESSING: sub-094_ses-01_run-DA5262MG.nwb
======================================================================
==========================================
Job finished with exit code: 1
==========================================
