==========================================
Job Array ID: 16902596
Task ID: 121
Batch size: 20 (sequential)
nperseg: 1000 (freq resolution: 0.5 Hz)
max_freq: 170 Hz
==========================================
======================================================================
BATCH JOB: Processing files 2401 to 2420
Batch size: 20 | Total files: 3205
======================================================================

======================================================================
BATCH FILE 1/20: sub-161_ses-01_run-EA7001YB.nwb
Overall: 2401/3205
======================================================================
======================================================================
PROCESSING: sub-161_ses-01_run-EA7001YB.nwb
======================================================================
==========================================
Job finished with exit code: 1
==========================================
