==========================================
Job Array ID: 16902596
Task ID: 129
Batch size: 20 (sequential)
nperseg: 1000 (freq resolution: 0.5 Hz)
max_freq: 170 Hz
==========================================
======================================================================
BATCH JOB: Processing files 2561 to 2580
Batch size: 20 | Total files: 3205
======================================================================

======================================================================
BATCH FILE 1/20: sub-162_ses-01_run-EA1892KS.nwb
Overall: 2561/3205
======================================================================
✓ Created output directory: /oak/stanford/groups/ckeller1/data/iEEG_EHR/iEEG_NWB/sub-162/ses-01/preprocessed
======================================================================
PROCESSING: sub-162_ses-01_run-EA1892KS.nwb
======================================================================
==========================================
Job finished with exit code: 1
==========================================
