==========================================
Job Array ID: 16902596
Task ID: 4
Batch size: 20 (sequential)
nperseg: 1000 (freq resolution: 0.5 Hz)
max_freq: 170 Hz
==========================================
======================================================================
BATCH JOB: Processing files 61 to 80
Batch size: 20 | Total files: 3205
======================================================================

======================================================================
BATCH FILE 1/20: sub-034_ses-01_run-CA0653EY.nwb
Overall: 61/3205
======================================================================
======================================================================
PROCESSING: sub-034_ses-01_run-CA0653EY.nwb
======================================================================
==========================================
Job finished with exit code: 1
==========================================
