==========================================
Job Array ID: 16902596
Task ID: 56
Batch size: 20 (sequential)
nperseg: 1000 (freq resolution: 0.5 Hz)
max_freq: 170 Hz
==========================================
======================================================================
BATCH JOB: Processing files 1101 to 1120
Batch size: 20 | Total files: 3205
======================================================================

======================================================================
BATCH FILE 1/20: sub-106_ses-01_run-AA5254GU.nwb
Overall: 1101/3205
======================================================================
======================================================================
PROCESSING: sub-106_ses-01_run-AA5254GU.nwb
======================================================================
==========================================
Job finished with exit code: 1
==========================================
