==========================================
Job Array ID: 16902596
Task ID: 3
Batch size: 20 (sequential)
nperseg: 1000 (freq resolution: 0.5 Hz)
max_freq: 170 Hz
==========================================
======================================================================
BATCH JOB: Processing files 41 to 60
Batch size: 20 | Total files: 3205
======================================================================

======================================================================
BATCH FILE 1/20: sub-034_ses-01_run-CA0653DN.nwb
Overall: 41/3205
======================================================================
✓ Created output directory: /oak/stanford/groups/ckeller1/data/iEEG_EHR/iEEG_NWB/sub-034/ses-01/preprocessed
======================================================================
PROCESSING: sub-034_ses-01_run-CA0653DN.nwb
======================================================================
==========================================
Job finished with exit code: 1
==========================================
