==========================================
Job Array ID: 16902596
Task ID: 135
Batch size: 20 (sequential)
nperseg: 1000 (freq resolution: 0.5 Hz)
max_freq: 170 Hz
==========================================
======================================================================
BATCH JOB: Processing files 2681 to 2700
Batch size: 20 | Total files: 3205
======================================================================

======================================================================
BATCH FILE 1/20: sub-164_ses-01_run-EA1981XM.nwb
Overall: 2681/3205
======================================================================
======================================================================
PROCESSING: sub-164_ses-01_run-EA1981XM.nwb
======================================================================
==========================================
Job finished with exit code: 1
==========================================
