==========================================
Job Array ID: 16902596
Task ID: 107
Batch size: 20 (sequential)
nperseg: 1000 (freq resolution: 0.5 Hz)
max_freq: 170 Hz
==========================================
======================================================================
BATCH JOB: Processing files 2121 to 2140
Batch size: 20 | Total files: 3205
======================================================================

======================================================================
BATCH FILE 1/20: sub-156_ses-01_run-EA7001CJ.nwb
Overall: 2121/3205
======================================================================
======================================================================
PROCESSING: sub-156_ses-01_run-EA7001CJ.nwb
======================================================================
==========================================
Job finished with exit code: 1
==========================================
