==========================================
Job Array ID: 16902596
Task ID: 131
Batch size: 20 (sequential)
nperseg: 1000 (freq resolution: 0.5 Hz)
max_freq: 170 Hz
==========================================
======================================================================
BATCH JOB: Processing files 2601 to 2620
Batch size: 20 | Total files: 3205
======================================================================

======================================================================
BATCH FILE 1/20: sub-164_ses-01_run-EA1981VE.nwb
Overall: 2601/3205
======================================================================
======================================================================
PROCESSING: sub-164_ses-01_run-EA1981VE.nwb
======================================================================
==========================================
Job finished with exit code: 1
==========================================
