==========================================
Job Array ID: 16902596
Task ID: 76
Batch size: 20 (sequential)
nperseg: 1000 (freq resolution: 0.5 Hz)
max_freq: 170 Hz
==========================================
======================================================================
BATCH JOB: Processing files 1501 to 1520
Batch size: 20 | Total files: 3205
======================================================================

======================================================================
BATCH FILE 1/20: sub-116_ses-01_run-DA5265NW.nwb
Overall: 1501/3205
======================================================================
======================================================================
PROCESSING: sub-116_ses-01_run-DA5265NW.nwb
======================================================================
==========================================
Job finished with exit code: 1
==========================================
