==========================================
Job Array ID: 16902596
Task ID: 126
Batch size: 20 (sequential)
nperseg: 1000 (freq resolution: 0.5 Hz)
max_freq: 170 Hz
==========================================
======================================================================
BATCH JOB: Processing files 2501 to 2520
Batch size: 20 | Total files: 3205
======================================================================

======================================================================
BATCH FILE 1/20: sub-161_ses-01_run-EA700213.nwb
Overall: 2501/3205
======================================================================
======================================================================
PROCESSING: sub-161_ses-01_run-EA700213.nwb
======================================================================
==========================================
Job finished with exit code: 1
==========================================
