==========================================
Job Array ID: 16902596
Task ID: 106
Batch size: 20 (sequential)
nperseg: 1000 (freq resolution: 0.5 Hz)
max_freq: 170 Hz
==========================================
======================================================================
BATCH JOB: Processing files 2101 to 2120
Batch size: 20 | Total files: 3205
======================================================================

======================================================================
BATCH FILE 1/20: sub-156_ses-01_run-EA7001BY.nwb
Overall: 2101/3205
======================================================================
======================================================================
PROCESSING: sub-156_ses-01_run-EA7001BY.nwb
======================================================================
==========================================
Job finished with exit code: 1
==========================================
