
The following have been reloaded with a version change:
  1) python/3.12.1 => python/3.9.0     2) sqlite/3.44.2 => sqlite/3.51.1

/home/groups/ckeller1/venvs/ieeg_analysis/lib/python3.9/site-packages/scipy/signal/_spectral_py.py:600: UserWarning: nperseg = 1000 is greater than input length  = 100, using nperseg = 100
  freqs, _, Pxy = _spectral_helper(x, y, fs, window, nperseg, noverlap,
Traceback (most recent call last):
  File "/home/groups/ckeller1/sisler/iEEG_EHR_Analysis/preprocessing/preprocess_ieeg_chunked.py", line 763, in <module>
    main()
  File "/home/groups/ckeller1/sisler/iEEG_EHR_Analysis/preprocessing/preprocess_ieeg_chunked.py", line 719, in main
    success = process_file(
  File "/home/groups/ckeller1/sisler/iEEG_EHR_Analysis/preprocessing/preprocess_ieeg_chunked.py", line 452, in process_file
    band_power_time, times = compute_time_varying_band_power_chunked(
  File "/home/groups/ckeller1/sisler/iEEG_EHR_Analysis/preprocessing/preprocess_ieeg_chunked.py", line 299, in compute_time_varying_band_power_chunked
    band_power_chunk = compute_band_power_chunk(
  File "/home/groups/ckeller1/sisler/iEEG_EHR_Analysis/preprocessing/preprocess_ieeg_chunked.py", line 187, in compute_band_power_chunk
    freqs, psd = signal.welch(
  File "/home/groups/ckeller1/venvs/ieeg_analysis/lib/python3.9/site-packages/scipy/signal/_spectral_py.py", line 462, in welch
    freqs, Pxx = csd(x, x, fs=fs, window=window, nperseg=nperseg,
  File "/home/groups/ckeller1/venvs/ieeg_analysis/lib/python3.9/site-packages/scipy/signal/_spectral_py.py", line 600, in csd
    freqs, _, Pxy = _spectral_helper(x, y, fs, window, nperseg, noverlap,
  File "/home/groups/ckeller1/venvs/ieeg_analysis/lib/python3.9/site-packages/scipy/signal/_spectral_py.py", line 1851, in _spectral_helper
    raise ValueError('noverlap must be less than nperseg.')
ValueError: noverlap must be less than nperseg.
