==========================================
Job Array ID: 16902596
Task ID: 123
Batch size: 20 (sequential)
nperseg: 1000 (freq resolution: 0.5 Hz)
max_freq: 170 Hz
==========================================
======================================================================
BATCH JOB: Processing files 2441 to 2460
Batch size: 20 | Total files: 3205
======================================================================

======================================================================
BATCH FILE 1/20: sub-161_ses-01_run-EA7001ZF.nwb
Overall: 2441/3205
======================================================================
======================================================================
PROCESSING: sub-161_ses-01_run-EA7001ZF.nwb
======================================================================
==========================================
Job finished with exit code: 1
==========================================
