==========================================
Job Array ID: 16902596
Task ID: 45
Batch size: 20 (sequential)
nperseg: 1000 (freq resolution: 0.5 Hz)
max_freq: 170 Hz
==========================================
======================================================================
BATCH JOB: Processing files 881 to 900
Batch size: 20 | Total files: 3205
======================================================================

======================================================================
BATCH FILE 1/20: sub-094_ses-01_run-DA5262LA.nwb
Overall: 881/3205
======================================================================
✓ Created output directory: /oak/stanford/groups/ckeller1/data/iEEG_EHR/iEEG_NWB/sub-094/ses-01/preprocessed
======================================================================
PROCESSING: sub-094_ses-01_run-DA5262LA.nwb
======================================================================
==========================================
Job finished with exit code: 1
==========================================
