==========================================
Job Array ID: 16355863
Task ID: 5
Batch size: 20 (sequential)
nperseg: 1000 (freq resolution: 0.5 Hz)
max_freq: 170 Hz
==========================================
======================================================================
BATCH JOB: Processing files 81 to 100
Batch size: 20 | Total files: 1525
======================================================================

======================================================================
BATCH FILE 1/20: sub-116_ses-01_run-DA5265NU.nwb
Overall: 81/1525
======================================================================
✓ Created output directory: /oak/stanford/groups/ckeller1/data/iEEG_EHR/iEEG_NWB/sub-116/ses-01/preprocessed
======================================================================
PROCESSING: sub-116_ses-01_run-DA5265NU.nwb
======================================================================
==========================================
Job finished with exit code: 1
==========================================
