==========================================
Job Array ID: 16355863
Task ID: 7
Batch size: 20 (sequential)
nperseg: 1000 (freq resolution: 0.5 Hz)
max_freq: 170 Hz
==========================================
======================================================================
BATCH JOB: Processing files 121 to 140
Batch size: 20 | Total files: 1525
======================================================================

======================================================================
BATCH FILE 1/20: sub-117_ses-01_run-DA5265QX.nwb
Overall: 121/1525
======================================================================
✓ Created output directory: /oak/stanford/groups/ckeller1/data/iEEG_EHR/iEEG_NWB/sub-117/ses-01/preprocessed
======================================================================
PROCESSING: sub-117_ses-01_run-DA5265QX.nwb
======================================================================
==========================================
Job finished with exit code: 1
==========================================
