==========================================
Job Array ID: 16902596
Task ID: 137
Batch size: 20 (sequential)
nperseg: 1000 (freq resolution: 0.5 Hz)
max_freq: 170 Hz
==========================================
======================================================================
BATCH JOB: Processing files 2721 to 2740
Batch size: 20 | Total files: 3205
======================================================================

======================================================================
BATCH FILE 1/20: sub-165_ses-01_run-EA1892UP.nwb
Overall: 2721/3205
======================================================================
======================================================================
PROCESSING: sub-165_ses-01_run-EA1892UP.nwb
======================================================================
==========================================
Job finished with exit code: 1
==========================================
