==========================================
Job Array ID: 16902596
Task ID: 128
Batch size: 20 (sequential)
nperseg: 1000 (freq resolution: 0.5 Hz)
max_freq: 170 Hz
==========================================
======================================================================
BATCH JOB: Processing files 2541 to 2560
Batch size: 20 | Total files: 3205
======================================================================

======================================================================
BATCH FILE 1/20: sub-162_ses-01_run-EA1892K8.nwb
Overall: 2541/3205
======================================================================
======================================================================
PROCESSING: sub-162_ses-01_run-EA1892K8.nwb
======================================================================
==========================================
Job finished with exit code: 1
==========================================
