==========================================
Job Array ID: 16902596
Task ID: 93
Batch size: 20 (sequential)
nperseg: 1000 (freq resolution: 0.5 Hz)
max_freq: 170 Hz
==========================================
======================================================================
BATCH JOB: Processing files 1841 to 1860
Batch size: 20 | Total files: 3205
======================================================================

======================================================================
BATCH FILE 1/20: sub-137_ses-01_run-VA7521SK.nwb
Overall: 1841/3205
======================================================================
✓ Created output directory: /oak/stanford/groups/ckeller1/data/iEEG_EHR/iEEG_NWB/sub-137/ses-01/preprocessed
======================================================================
PROCESSING: sub-137_ses-01_run-VA7521SK.nwb
======================================================================
==========================================
Job finished with exit code: 1
==========================================
