==========================================
Job Array ID: 16902596
Task ID: 148
Batch size: 20 (sequential)
nperseg: 1000 (freq resolution: 0.5 Hz)
max_freq: 170 Hz
==========================================
======================================================================
BATCH JOB: Processing files 2941 to 2960
Batch size: 20 | Total files: 3205
======================================================================

======================================================================
BATCH FILE 1/20: sub-171_ses-01_run-EA1894H9.nwb
Overall: 2941/3205
======================================================================
======================================================================
PROCESSING: sub-171_ses-01_run-EA1894H9.nwb
======================================================================
==========================================
Job finished with exit code: 1
==========================================
