==========================================
Job Array ID: 16902596
Task ID: 39
Batch size: 20 (sequential)
nperseg: 1000 (freq resolution: 0.5 Hz)
max_freq: 170 Hz
==========================================
======================================================================
BATCH JOB: Processing files 761 to 780
Batch size: 20 | Total files: 3205
======================================================================

======================================================================
BATCH FILE 1/20: sub-091_ses-01_run-AA5252QQ.nwb
Overall: 761/3205
======================================================================
✓ Created output directory: /oak/stanford/groups/ckeller1/data/iEEG_EHR/iEEG_NWB/sub-091/ses-01/preprocessed
======================================================================
PROCESSING: sub-091_ses-01_run-AA5252QQ.nwb
======================================================================
==========================================
Job finished with exit code: 1
==========================================
