==========================================
Job Array ID: 16902596
Task ID: 149
Batch size: 20 (sequential)
nperseg: 1000 (freq resolution: 0.5 Hz)
max_freq: 170 Hz
==========================================
======================================================================
BATCH JOB: Processing files 2961 to 2980
Batch size: 20 | Total files: 3205
======================================================================

======================================================================
BATCH FILE 1/20: sub-174_ses-01_run-EA189516.nwb
Overall: 2961/3205
======================================================================
✓ Created output directory: /oak/stanford/groups/ckeller1/data/iEEG_EHR/iEEG_NWB/sub-174/ses-01/preprocessed
======================================================================
PROCESSING: sub-174_ses-01_run-EA189516.nwb
======================================================================
==========================================
Job finished with exit code: 1
==========================================
