==========================================
Job Array ID: 16902596
Task ID: 5
Batch size: 20 (sequential)
nperseg: 1000 (freq resolution: 0.5 Hz)
max_freq: 170 Hz
==========================================
======================================================================
BATCH JOB: Processing files 81 to 100
Batch size: 20 | Total files: 3205
======================================================================

======================================================================
BATCH FILE 1/20: sub-034_ses-01_run-CA0653FL.nwb
Overall: 81/3205
======================================================================
======================================================================
PROCESSING: sub-034_ses-01_run-CA0653FL.nwb
======================================================================
==========================================
Job finished with exit code: 1
==========================================
