==========================================
Job Array ID: 16902596
Task ID: 102
Batch size: 20 (sequential)
nperseg: 1000 (freq resolution: 0.5 Hz)
max_freq: 170 Hz
==========================================
======================================================================
BATCH JOB: Processing files 2021 to 2040
Batch size: 20 | Total files: 3205
======================================================================

======================================================================
BATCH FILE 1/20: sub-156_ses-01_run-EA70019N.nwb
Overall: 2021/3205
======================================================================
✓ Created output directory: /oak/stanford/groups/ckeller1/data/iEEG_EHR/iEEG_NWB/sub-156/ses-01/preprocessed
======================================================================
PROCESSING: sub-156_ses-01_run-EA70019N.nwb
======================================================================
==========================================
Job finished with exit code: 1
==========================================
