==========================================
Job Array ID: 16902596
Task ID: 42
Batch size: 20 (sequential)
nperseg: 1000 (freq resolution: 0.5 Hz)
max_freq: 170 Hz
==========================================
======================================================================
BATCH JOB: Processing files 821 to 840
Batch size: 20 | Total files: 3205
======================================================================

======================================================================
BATCH FILE 1/20: sub-091_ses-01_run-AA5252T0.nwb
Overall: 821/3205
======================================================================
======================================================================
PROCESSING: sub-091_ses-01_run-AA5252T0.nwb
======================================================================
==========================================
Job finished with exit code: 1
==========================================
