==========================================
Job Array ID: 16902596
Task ID: 114
Batch size: 20 (sequential)
nperseg: 1000 (freq resolution: 0.5 Hz)
max_freq: 170 Hz
==========================================
======================================================================
BATCH JOB: Processing files 2261 to 2280
Batch size: 20 | Total files: 3205
======================================================================

======================================================================
BATCH FILE 1/20: sub-160_ses-01_run-EA1892AS.nwb
Overall: 2261/3205
======================================================================
======================================================================
PROCESSING: sub-160_ses-01_run-EA1892AS.nwb
======================================================================
==========================================
Job finished with exit code: 1
==========================================
