==========================================
Job Array ID: 16902596
Task ID: 108
Batch size: 20 (sequential)
nperseg: 1000 (freq resolution: 0.5 Hz)
max_freq: 170 Hz
==========================================
======================================================================
BATCH JOB: Processing files 2141 to 2160
Batch size: 20 | Total files: 3205
======================================================================

======================================================================
BATCH FILE 1/20: sub-160_ses-01_run-EA18927G.nwb
Overall: 2141/3205
======================================================================
✓ Created output directory: /oak/stanford/groups/ckeller1/data/iEEG_EHR/iEEG_NWB/sub-160/ses-01/preprocessed
======================================================================
PROCESSING: sub-160_ses-01_run-EA18927G.nwb
======================================================================
==========================================
Job finished with exit code: 1
==========================================
