==========================================
Job Array ID: 16902596
Task ID: 133
Batch size: 20 (sequential)
nperseg: 1000 (freq resolution: 0.5 Hz)
max_freq: 170 Hz
==========================================
======================================================================
BATCH JOB: Processing files 2641 to 2660
Batch size: 20 | Total files: 3205
======================================================================

======================================================================
BATCH FILE 1/20: sub-164_ses-01_run-EA1981WI.nwb
Overall: 2641/3205
======================================================================
======================================================================
PROCESSING: sub-164_ses-01_run-EA1981WI.nwb
======================================================================
==========================================
Job finished with exit code: 1
==========================================
