==========================================
Job Array ID: 16902596
Task ID: 132
Batch size: 20 (sequential)
nperseg: 1000 (freq resolution: 0.5 Hz)
max_freq: 170 Hz
==========================================
======================================================================
BATCH JOB: Processing files 2621 to 2640
Batch size: 20 | Total files: 3205
======================================================================

======================================================================
BATCH FILE 1/20: sub-164_ses-01_run-EA1981VY.nwb
Overall: 2621/3205
======================================================================
✓ Created output directory: /oak/stanford/groups/ckeller1/data/iEEG_EHR/iEEG_NWB/sub-164/ses-01/preprocessed
======================================================================
PROCESSING: sub-164_ses-01_run-EA1981VY.nwb
======================================================================
==========================================
Job finished with exit code: 1
==========================================
