==========================================
Job Array ID: 16902596
Task ID: 16
Batch size: 20 (sequential)
nperseg: 1000 (freq resolution: 0.5 Hz)
max_freq: 170 Hz
==========================================
======================================================================
BATCH JOB: Processing files 301 to 320
Batch size: 20 | Total files: 3205
======================================================================

======================================================================
BATCH FILE 1/20: sub-061_ses-01_run-DA1005GQ.nwb
Overall: 301/3205
======================================================================
✓ Created output directory: /oak/stanford/groups/ckeller1/data/iEEG_EHR/iEEG_NWB/sub-061/ses-01/preprocessed
======================================================================
PROCESSING: sub-061_ses-01_run-DA1005GQ.nwb
======================================================================
==========================================
Job finished with exit code: 1
==========================================
