==========================================
Job Array ID: 16902596
Task ID: 122
Batch size: 20 (sequential)
nperseg: 1000 (freq resolution: 0.5 Hz)
max_freq: 170 Hz
==========================================
======================================================================
BATCH JOB: Processing files 2421 to 2440
Batch size: 20 | Total files: 3205
======================================================================

======================================================================
BATCH FILE 1/20: sub-161_ses-01_run-EA7001YV.nwb
Overall: 2421/3205
======================================================================
======================================================================
PROCESSING: sub-161_ses-01_run-EA7001YV.nwb
======================================================================
==========================================
Job finished with exit code: 1
==========================================
