==========================================
Job Array ID: 16902596
Task ID: 104
Batch size: 20 (sequential)
nperseg: 1000 (freq resolution: 0.5 Hz)
max_freq: 170 Hz
==========================================
======================================================================
BATCH JOB: Processing files 2061 to 2080
Batch size: 20 | Total files: 3205
======================================================================

======================================================================
BATCH FILE 1/20: sub-156_ses-01_run-EA7001AR.nwb
Overall: 2061/3205
======================================================================
======================================================================
PROCESSING: sub-156_ses-01_run-EA7001AR.nwb
======================================================================
==========================================
Job finished with exit code: 1
==========================================
