==========================================
Job Array ID: 16902596
Task ID: 146
Batch size: 20 (sequential)
nperseg: 1000 (freq resolution: 0.5 Hz)
max_freq: 170 Hz
==========================================
======================================================================
BATCH JOB: Processing files 2901 to 2920
Batch size: 20 | Total files: 3205
======================================================================

======================================================================
BATCH FILE 1/20: sub-171_ses-01_run-EA1894G4.nwb
Overall: 2901/3205
======================================================================
======================================================================
PROCESSING: sub-171_ses-01_run-EA1894G4.nwb
======================================================================
==========================================
Job finished with exit code: 1
==========================================
