==========================================
Job Array ID: 16902596
Task ID: 95
Batch size: 20 (sequential)
nperseg: 1000 (freq resolution: 0.5 Hz)
max_freq: 170 Hz
==========================================
======================================================================
BATCH JOB: Processing files 1881 to 1900
Batch size: 20 | Total files: 3205
======================================================================

======================================================================
BATCH FILE 1/20: sub-137_ses-01_run-VA7521TZ.nwb
Overall: 1881/3205
======================================================================
======================================================================
PROCESSING: sub-137_ses-01_run-VA7521TZ.nwb
======================================================================
==========================================
Job finished with exit code: 1
==========================================
