==========================================
Job Array ID: 16902596
Task ID: 78
Batch size: 20 (sequential)
nperseg: 1000 (freq resolution: 0.5 Hz)
max_freq: 170 Hz
==========================================
======================================================================
BATCH JOB: Processing files 1541 to 1560
Batch size: 20 | Total files: 3205
======================================================================

======================================================================
BATCH FILE 1/20: sub-117_ses-01_run-DA5265QZ.nwb
Overall: 1541/3205
======================================================================
======================================================================
PROCESSING: sub-117_ses-01_run-DA5265QZ.nwb
======================================================================
==========================================
Job finished with exit code: 1
==========================================
