==========================================
Job Array ID: 16902596
Task ID: 55
Batch size: 20 (sequential)
nperseg: 1000 (freq resolution: 0.5 Hz)
max_freq: 170 Hz
==========================================
======================================================================
BATCH JOB: Processing files 1081 to 1100
Batch size: 20 | Total files: 3205
======================================================================

======================================================================
BATCH FILE 1/20: sub-106_ses-01_run-AA5254GA.nwb
Overall: 1081/3205
======================================================================
✓ Created output directory: /oak/stanford/groups/ckeller1/data/iEEG_EHR/iEEG_NWB/sub-106/ses-01/preprocessed
======================================================================
PROCESSING: sub-106_ses-01_run-AA5254GA.nwb
======================================================================
==========================================
Job finished with exit code: 1
==========================================
