==========================================
Job Array ID: 16902596
Task ID: 115
Batch size: 20 (sequential)
nperseg: 1000 (freq resolution: 0.5 Hz)
max_freq: 170 Hz
==========================================
======================================================================
BATCH JOB: Processing files 2281 to 2300
Batch size: 20 | Total files: 3205
======================================================================

======================================================================
BATCH FILE 1/20: sub-160_ses-01_run-EA1892BC.nwb
Overall: 2281/3205
======================================================================
======================================================================
PROCESSING: sub-160_ses-01_run-EA1892BC.nwb
======================================================================
==========================================
Job finished with exit code: 1
==========================================
