==========================================
Job Array ID: 16902596
Task ID: 141
Batch size: 20 (sequential)
nperseg: 1000 (freq resolution: 0.5 Hz)
max_freq: 170 Hz
==========================================
======================================================================
BATCH JOB: Processing files 2801 to 2820
Batch size: 20 | Total files: 3205
======================================================================

======================================================================
BATCH FILE 1/20: sub-165_ses-01_run-EA1892WX.nwb
Overall: 2801/3205
======================================================================
======================================================================
PROCESSING: sub-165_ses-01_run-EA1892WX.nwb
======================================================================
==========================================
Job finished with exit code: 1
==========================================
