
The following have been reloaded with a version change:
  1) gcc/14.2.0 => gcc/12.4.0

  sub-071_saturation.csv: 1520 channel/run combos
  sub-084_saturation.csv: 2520 channel/run combos
  sub-093_saturation.csv: 3480 channel/run combos
  sub-107_saturation.csv: 6960 channel/run combos
  sub-172_saturation.csv: 17748 channel/run combos
  sub-177_saturation.csv: 15624 channel/run combos
  sub-191_saturation.csv: 3850 channel/run combos
  sub-199_saturation.csv: 178 channel/run combos
  sub-202_saturation.csv: 194 channel/run combos
  sub-211_saturation.csv: 198 channel/run combos
  sub-214_saturation.csv: 184 channel/run combos
  sub-217_saturation.csv: 2208 channel/run combos
  sub-234_saturation.csv: 200 channel/run combos
  sub-236_saturation.csv: 436 channel/run combos
  sub-239_saturation.csv: 360 channel/run combos
  sub-244_saturation.csv: 160 channel/run combos
Wrote /oak/stanford/groups/ckeller1/data/iEEG_EHR/derivatives/sisler/analysis/qc/summary/saturation_rails.csv (55820 rows)

--- Consistency check: rail values per (subject, session), across all channels/runs ---
9/16 subject-sessions have >1 distinct inferred rail value across channels/runs
subject_id  session_id
sub-071     ses-01        72
sub-084     ses-01        23
sub-093     ses-01         2
sub-107     ses-01         2
sub-172     ses-01         2
sub-177     ses-01         2
sub-191     ses-01         4
sub-217     ses-01         3
sub-236     ses-01        11

--- Consistency check: rail values per (subject, session, channel), across runs ---
237/2362 subject-session-channels have >1 distinct rail value across runs
