
The following have been reloaded with a version change:
  1) gcc/14.2.0 => gcc/12.4.0

Array task 14 -> subject 217
Running on 1 subject(s): ['217']
=== sub-217 ===
  sub-217 ses-01 run-IA6190Y8: loading...
  sub-217 ses-01 run-IA6190Y9: loading...
  sub-217 ses-01 run-IA6190YA: loading...
  sub-217 ses-01 run-IA6190YB: loading...
  sub-217 ses-01 run-IA6190YC: loading...
  sub-217 ses-01 run-IA6190YD: loading...
  sub-217 ses-01 run-IA6190YE: loading...
  sub-217 ses-01 run-IA6190YF: loading...
  sub-217 ses-01 run-IA6190YG: loading...
  sub-217 ses-01 run-IA6190YH: loading...
  sub-217 ses-01 run-IA6190YI: loading...
  sub-217 ses-01 run-IA6190YJ: loading...
  sub-217 ses-01 run-IA6190YK: loading...
  sub-217 ses-01 run-IA6190YL: loading...
  sub-217 ses-01 run-IA6190YM: loading...
/var/spool/slurmd/job32702411/slurm_script: line 17: 16556 Killed                  python -m qc_scripts.run_pipeline --subjects "$SUBJECT"
[2026-07-03T17:32:30.888] error: Detected 1 oom_kill event in StepId=32702411.batch. Some of the step tasks have been OOM Killed.
