
The following have been reloaded with a version change:
  1) gcc/14.2.0 => gcc/12.4.0

Array task 4 -> subject 160
Running on 1 subject(s): ['160']
=== sub-160 ===
  sub-160 ses-01 run-EA18926Y: loading...
  WARNING: failed to read /oak/stanford/groups/ckeller1/data/iEEG_EHR/iEEG_NWB/sub-160/ses-01/ieeg/sub-160_ses-01_run-EA18926Y.nwb (KeyError('ElectricalSeries_sEEG')); skipping this run.
  sub-160 ses-01 run-EA18926Z: loading...
  WARNING: failed to read /oak/stanford/groups/ckeller1/data/iEEG_EHR/iEEG_NWB/sub-160/ses-01/ieeg/sub-160_ses-01_run-EA18926Z.nwb (KeyError('ElectricalSeries_sEEG')); skipping this run.
  sub-160 ses-01 run-EA189270: loading...
  WARNING: failed to read /oak/stanford/groups/ckeller1/data/iEEG_EHR/iEEG_NWB/sub-160/ses-01/ieeg/sub-160_ses-01_run-EA189270.nwb (KeyError('ElectricalSeries_sEEG')); skipping this run.
  sub-160 ses-01 run-EA189271: loading...
  WARNING: failed to read /oak/stanford/groups/ckeller1/data/iEEG_EHR/iEEG_NWB/sub-160/ses-01/ieeg/sub-160_ses-01_run-EA189271.nwb (KeyError('ElectricalSeries_sEEG')); skipping this run.
  sub-160 ses-01 run-EA189272: loading...
  WARNING: failed to read /oak/stanford/groups/ckeller1/data/iEEG_EHR/iEEG_NWB/sub-160/ses-01/ieeg/sub-160_ses-01_run-EA189272.nwb (KeyError('ElectricalSeries_sEEG')); skipping this run.
  sub-160 ses-01 run-EA189273: loading...
  WARNING: failed to read /oak/stanford/groups/ckeller1/data/iEEG_EHR/iEEG_NWB/sub-160/ses-01/ieeg/sub-160_ses-01_run-EA189273.nwb (KeyError('ElectricalSeries_sEEG')); skipping this run.
  sub-160 ses-01 run-EA189274: loading...
  WARNING: failed to read /oak/stanford/groups/ckeller1/data/iEEG_EHR/iEEG_NWB/sub-160/ses-01/ieeg/sub-160_ses-01_run-EA189274.nwb (KeyError('ElectricalSeries_sEEG')); skipping this run.
  sub-160 ses-01 run-EA189275: loading...
  WARNING: failed to read /oak/stanford/groups/ckeller1/data/iEEG_EHR/iEEG_NWB/sub-160/ses-01/ieeg/sub-160_ses-01_run-EA189275.nwb (KeyError('ElectricalSeries_sEEG')); skipping this run.
  sub-160 ses-01 run-EA189276: loading...
  WARNING: failed to read /oak/stanford/groups/ckeller1/data/iEEG_EHR/iEEG_NWB/sub-160/ses-01/ieeg/sub-160_ses-01_run-EA189276.nwb (KeyError('ElectricalSeries_sEEG')); skipping this run.
  sub-160 ses-01 run-EA189277: loading...
  WARNING: failed to read /oak/stanford/groups/ckeller1/data/iEEG_EHR/iEEG_NWB/sub-160/ses-01/ieeg/sub-160_ses-01_run-EA189277.nwb (KeyError('ElectricalSeries_sEEG')); skipping this run.
  sub-160 ses-01 run-EA189278: loading...
  WARNING: failed to read /oak/stanford/groups/ckeller1/data/iEEG_EHR/iEEG_NWB/sub-160/ses-01/ieeg/sub-160_ses-01_run-EA189278.nwb (KeyError('ElectricalSeries_sEEG')); skipping this run.
  sub-160 ses-01 run-EA189279: loading...
  WARNING: failed to read /oak/stanford/groups/ckeller1/data/iEEG_EHR/iEEG_NWB/sub-160/ses-01/ieeg/sub-160_ses-01_run-EA189279.nwb (KeyError('ElectricalSeries_sEEG')); skipping this run.
  sub-160 ses-01 run-EA18927A: loading...
  WARNING: failed to read /oak/stanford/groups/ckeller1/data/iEEG_EHR/iEEG_NWB/sub-160/ses-01/ieeg/sub-160_ses-01_run-EA18927A.nwb (KeyError('ElectricalSeries_sEEG')); skipping this run.
  sub-160 ses-01 run-EA18927B: loading...
  WARNING: failed to read /oak/stanford/groups/ckeller1/data/iEEG_EHR/iEEG_NWB/sub-160/ses-01/ieeg/sub-160_ses-01_run-EA18927B.nwb (KeyError('ElectricalSeries_sEEG')); skipping this run.
  sub-160 ses-01 run-EA18927C: loading...
  WARNING: failed to read /oak/stanford/groups/ckeller1/data/iEEG_EHR/iEEG_NWB/sub-160/ses-01/ieeg/sub-160_ses-01_run-EA18927C.nwb (KeyError('ElectricalSeries_sEEG')); skipping this run.
  sub-160 ses-01 run-EA18927D: loading...
  WARNING: failed to read /oak/stanford/groups/ckeller1/data/iEEG_EHR/iEEG_NWB/sub-160/ses-01/ieeg/sub-160_ses-01_run-EA18927D.nwb (KeyError('ElectricalSeries_sEEG')); skipping this run.
  sub-160 ses-01 run-EA18927E: loading...
  WARNING: failed to read /oak/stanford/groups/ckeller1/data/iEEG_EHR/iEEG_NWB/sub-160/ses-01/ieeg/sub-160_ses-01_run-EA18927E.nwb (KeyError('ElectricalSeries_sEEG')); skipping this run.
  sub-160 ses-01 run-EA18927F: loading...
  WARNING: failed to read /oak/stanford/groups/ckeller1/data/iEEG_EHR/iEEG_NWB/sub-160/ses-01/ieeg/sub-160_ses-01_run-EA18927F.nwb (KeyError('ElectricalSeries_sEEG')); skipping this run.
  sub-160 ses-01 run-EA18927G: loading...
  WARNING: failed to read /oak/stanford/groups/ckeller1/data/iEEG_EHR/iEEG_NWB/sub-160/ses-01/ieeg/sub-160_ses-01_run-EA18927G.nwb (KeyError('ElectricalSeries_sEEG')); skipping this run.
  sub-160 ses-01 run-EA18927H: loading...
  WARNING: failed to read /oak/stanford/groups/ckeller1/data/iEEG_EHR/iEEG_NWB/sub-160/ses-01/ieeg/sub-160_ses-01_run-EA18927H.nwb (KeyError('ElectricalSeries_sEEG')); skipping this run.
  sub-160 ses-01 run-EA18927I: loading...
  WARNING: failed to read /oak/stanford/groups/ckeller1/data/iEEG_EHR/iEEG_NWB/sub-160/ses-01/ieeg/sub-160_ses-01_run-EA18927I.nwb (KeyError('ElectricalSeries_sEEG')); skipping this run.
  sub-160 ses-01 run-EA18927J: loading...
  WARNING: failed to read /oak/stanford/groups/ckeller1/data/iEEG_EHR/iEEG_NWB/sub-160/ses-01/ieeg/sub-160_ses-01_run-EA18927J.nwb (KeyError('ElectricalSeries_sEEG')); skipping this run.
  sub-160 ses-01 run-EA18927K: loading...
  WARNING: failed to read /oak/stanford/groups/ckeller1/data/iEEG_EHR/iEEG_NWB/sub-160/ses-01/ieeg/sub-160_ses-01_run-EA18927K.nwb (KeyError('ElectricalSeries_sEEG')); skipping this run.
  sub-160 ses-01 run-EA18927L: loading...
  WARNING: failed to read /oak/stanford/groups/ckeller1/data/iEEG_EHR/iEEG_NWB/sub-160/ses-01/ieeg/sub-160_ses-01_run-EA18927L.nwb (KeyError('ElectricalSeries_sEEG')); skipping this run.
  sub-160 ses-01 run-EA18927M: loading...
  WARNING: failed to read /oak/stanford/groups/ckeller1/data/iEEG_EHR/iEEG_NWB/sub-160/ses-01/ieeg/sub-160_ses-01_run-EA18927M.nwb (KeyError('ElectricalSeries_sEEG')); skipping this run.
  sub-160 ses-01 run-EA18927N: loading...
  WARNING: failed to read /oak/stanford/groups/ckeller1/data/iEEG_EHR/iEEG_NWB/sub-160/ses-01/ieeg/sub-160_ses-01_run-EA18927N.nwb (KeyError('ElectricalSeries_sEEG')); skipping this run.
  sub-160 ses-01 run-EA18927O: loading...
  WARNING: failed to read /oak/stanford/groups/ckeller1/data/iEEG_EHR/iEEG_NWB/sub-160/ses-01/ieeg/sub-160_ses-01_run-EA18927O.nwb (KeyError('ElectricalSeries_sEEG')); skipping this run.
  sub-160 ses-01 run-EA18927P: loading...
  WARNING: failed to read /oak/stanford/groups/ckeller1/data/iEEG_EHR/iEEG_NWB/sub-160/ses-01/ieeg/sub-160_ses-01_run-EA18927P.nwb (KeyError('ElectricalSeries_sEEG')); skipping this run.
  sub-160 ses-01 run-EA18927Q: loading...
  WARNING: failed to read /oak/stanford/groups/ckeller1/data/iEEG_EHR/iEEG_NWB/sub-160/ses-01/ieeg/sub-160_ses-01_run-EA18927Q.nwb (KeyError('ElectricalSeries_sEEG')); skipping this run.
  sub-160 ses-01 run-EA18927R: loading...
  WARNING: failed to read /oak/stanford/groups/ckeller1/data/iEEG_EHR/iEEG_NWB/sub-160/ses-01/ieeg/sub-160_ses-01_run-EA18927R.nwb (KeyError('ElectricalSeries_sEEG')); skipping this run.
  sub-160 ses-01 run-EA18927S: loading...
  WARNING: failed to read /oak/stanford/groups/ckeller1/data/iEEG_EHR/iEEG_NWB/sub-160/ses-01/ieeg/sub-160_ses-01_run-EA18927S.nwb (KeyError('ElectricalSeries_sEEG')); skipping this run.
  sub-160 ses-01 run-EA18927T: loading...
  WARNING: failed to read /oak/stanford/groups/ckeller1/data/iEEG_EHR/iEEG_NWB/sub-160/ses-01/ieeg/sub-160_ses-01_run-EA18927T.nwb (KeyError('ElectricalSeries_sEEG')); skipping this run.
  sub-160 ses-01 run-EA18927U: loading...
  WARNING: failed to read /oak/stanford/groups/ckeller1/data/iEEG_EHR/iEEG_NWB/sub-160/ses-01/ieeg/sub-160_ses-01_run-EA18927U.nwb (KeyError('ElectricalSeries_sEEG')); skipping this run.
  sub-160 ses-01 run-EA18927V: loading...
  WARNING: failed to read /oak/stanford/groups/ckeller1/data/iEEG_EHR/iEEG_NWB/sub-160/ses-01/ieeg/sub-160_ses-01_run-EA18927V.nwb (KeyError('ElectricalSeries_sEEG')); skipping this run.
  sub-160 ses-01 run-EA18927W: loading...
  WARNING: failed to read /oak/stanford/groups/ckeller1/data/iEEG_EHR/iEEG_NWB/sub-160/ses-01/ieeg/sub-160_ses-01_run-EA18927W.nwb (KeyError('ElectricalSeries_sEEG')); skipping this run.
  sub-160 ses-01 run-EA18927X: loading...
  WARNING: failed to read /oak/stanford/groups/ckeller1/data/iEEG_EHR/iEEG_NWB/sub-160/ses-01/ieeg/sub-160_ses-01_run-EA18927X.nwb (KeyError('ElectricalSeries_sEEG')); skipping this run.
  sub-160 ses-01 run-EA18927Y: loading...
  WARNING: failed to read /oak/stanford/groups/ckeller1/data/iEEG_EHR/iEEG_NWB/sub-160/ses-01/ieeg/sub-160_ses-01_run-EA18927Y.nwb (KeyError('ElectricalSeries_sEEG')); skipping this run.
  sub-160 ses-01 run-EA18927Z: loading...
  WARNING: failed to read /oak/stanford/groups/ckeller1/data/iEEG_EHR/iEEG_NWB/sub-160/ses-01/ieeg/sub-160_ses-01_run-EA18927Z.nwb (KeyError('ElectricalSeries_sEEG')); skipping this run.
  sub-160 ses-01 run-EA189280: loading...
  WARNING: failed to read /oak/stanford/groups/ckeller1/data/iEEG_EHR/iEEG_NWB/sub-160/ses-01/ieeg/sub-160_ses-01_run-EA189280.nwb (KeyError('ElectricalSeries_sEEG')); skipping this run.
  sub-160 ses-01 run-EA189281: loading...
  WARNING: failed to read /oak/stanford/groups/ckeller1/data/iEEG_EHR/iEEG_NWB/sub-160/ses-01/ieeg/sub-160_ses-01_run-EA189281.nwb (KeyError('ElectricalSeries_sEEG')); skipping this run.
  sub-160 ses-01 run-EA189282: loading...
  WARNING: failed to read /oak/stanford/groups/ckeller1/data/iEEG_EHR/iEEG_NWB/sub-160/ses-01/ieeg/sub-160_ses-01_run-EA189282.nwb (KeyError('ElectricalSeries_sEEG')); skipping this run.
  sub-160 ses-01 run-EA189283: loading...
  WARNING: failed to read /oak/stanford/groups/ckeller1/data/iEEG_EHR/iEEG_NWB/sub-160/ses-01/ieeg/sub-160_ses-01_run-EA189283.nwb (KeyError('ElectricalSeries_sEEG')); skipping this run.
  sub-160 ses-01 run-EA189284: loading...
  WARNING: failed to read /oak/stanford/groups/ckeller1/data/iEEG_EHR/iEEG_NWB/sub-160/ses-01/ieeg/sub-160_ses-01_run-EA189284.nwb (KeyError('ElectricalSeries_sEEG')); skipping this run.
  sub-160 ses-01 run-EA189285: loading...
  WARNING: failed to read /oak/stanford/groups/ckeller1/data/iEEG_EHR/iEEG_NWB/sub-160/ses-01/ieeg/sub-160_ses-01_run-EA189285.nwb (KeyError('ElectricalSeries_sEEG')); skipping this run.
  sub-160 ses-01 run-EA189286: loading...
  WARNING: failed to read /oak/stanford/groups/ckeller1/data/iEEG_EHR/iEEG_NWB/sub-160/ses-01/ieeg/sub-160_ses-01_run-EA189286.nwb (KeyError('ElectricalSeries_sEEG')); skipping this run.
  sub-160 ses-01 run-EA189287: loading...
  WARNING: failed to read /oak/stanford/groups/ckeller1/data/iEEG_EHR/iEEG_NWB/sub-160/ses-01/ieeg/sub-160_ses-01_run-EA189287.nwb (KeyError('ElectricalSeries_sEEG')); skipping this run.
  sub-160 ses-01 run-EA189288: loading...
  WARNING: failed to read /oak/stanford/groups/ckeller1/data/iEEG_EHR/iEEG_NWB/sub-160/ses-01/ieeg/sub-160_ses-01_run-EA189288.nwb (KeyError('ElectricalSeries_sEEG')); skipping this run.
  sub-160 ses-01 run-EA189289: loading...
  WARNING: failed to read /oak/stanford/groups/ckeller1/data/iEEG_EHR/iEEG_NWB/sub-160/ses-01/ieeg/sub-160_ses-01_run-EA189289.nwb (KeyError('ElectricalSeries_sEEG')); skipping this run.
  sub-160 ses-01 run-EA18928A: loading...
  WARNING: failed to read /oak/stanford/groups/ckeller1/data/iEEG_EHR/iEEG_NWB/sub-160/ses-01/ieeg/sub-160_ses-01_run-EA18928A.nwb (KeyError('ElectricalSeries_sEEG')); skipping this run.
  sub-160 ses-01 run-EA18928B: loading...
  WARNING: failed to read /oak/stanford/groups/ckeller1/data/iEEG_EHR/iEEG_NWB/sub-160/ses-01/ieeg/sub-160_ses-01_run-EA18928B.nwb (KeyError('ElectricalSeries_sEEG')); skipping this run.
  sub-160 ses-01 run-EA18928C: loading...
  WARNING: failed to read /oak/stanford/groups/ckeller1/data/iEEG_EHR/iEEG_NWB/sub-160/ses-01/ieeg/sub-160_ses-01_run-EA18928C.nwb (KeyError('ElectricalSeries_sEEG')); skipping this run.
  sub-160 ses-01 run-EA18928D: loading...
  WARNING: failed to read /oak/stanford/groups/ckeller1/data/iEEG_EHR/iEEG_NWB/sub-160/ses-01/ieeg/sub-160_ses-01_run-EA18928D.nwb (KeyError('ElectricalSeries_sEEG')); skipping this run.
  sub-160 ses-01 run-EA18928E: loading...
  WARNING: failed to read /oak/stanford/groups/ckeller1/data/iEEG_EHR/iEEG_NWB/sub-160/ses-01/ieeg/sub-160_ses-01_run-EA18928E.nwb (KeyError('ElectricalSeries_sEEG')); skipping this run.
  sub-160 ses-01 run-EA18928F: loading...
  WARNING: failed to read /oak/stanford/groups/ckeller1/data/iEEG_EHR/iEEG_NWB/sub-160/ses-01/ieeg/sub-160_ses-01_run-EA18928F.nwb (KeyError('ElectricalSeries_sEEG')); skipping this run.
  sub-160 ses-01 run-EA18928G: loading...
  WARNING: failed to read /oak/stanford/groups/ckeller1/data/iEEG_EHR/iEEG_NWB/sub-160/ses-01/ieeg/sub-160_ses-01_run-EA18928G.nwb (KeyError('ElectricalSeries_sEEG')); skipping this run.
  sub-160 ses-01 run-EA18928H: loading...
  WARNING: failed to read /oak/stanford/groups/ckeller1/data/iEEG_EHR/iEEG_NWB/sub-160/ses-01/ieeg/sub-160_ses-01_run-EA18928H.nwb (KeyError('ElectricalSeries_sEEG')); skipping this run.
  sub-160 ses-01 run-EA18928I: loading...
  WARNING: failed to read /oak/stanford/groups/ckeller1/data/iEEG_EHR/iEEG_NWB/sub-160/ses-01/ieeg/sub-160_ses-01_run-EA18928I.nwb (KeyError('ElectricalSeries_sEEG')); skipping this run.
  sub-160 ses-01 run-EA18928J: loading...
  WARNING: failed to read /oak/stanford/groups/ckeller1/data/iEEG_EHR/iEEG_NWB/sub-160/ses-01/ieeg/sub-160_ses-01_run-EA18928J.nwb (KeyError('ElectricalSeries_sEEG')); skipping this run.
  sub-160 ses-01 run-EA18928K: loading...
  WARNING: failed to read /oak/stanford/groups/ckeller1/data/iEEG_EHR/iEEG_NWB/sub-160/ses-01/ieeg/sub-160_ses-01_run-EA18928K.nwb (KeyError('ElectricalSeries_sEEG')); skipping this run.
  sub-160 ses-01 run-EA18928L: loading...
  WARNING: failed to read /oak/stanford/groups/ckeller1/data/iEEG_EHR/iEEG_NWB/sub-160/ses-01/ieeg/sub-160_ses-01_run-EA18928L.nwb (KeyError('ElectricalSeries_sEEG')); skipping this run.
  sub-160 ses-01 run-EA18928M: loading...
  WARNING: failed to read /oak/stanford/groups/ckeller1/data/iEEG_EHR/iEEG_NWB/sub-160/ses-01/ieeg/sub-160_ses-01_run-EA18928M.nwb (KeyError('ElectricalSeries_sEEG')); skipping this run.
  sub-160 ses-01 run-EA18928N: loading...
  WARNING: failed to read /oak/stanford/groups/ckeller1/data/iEEG_EHR/iEEG_NWB/sub-160/ses-01/ieeg/sub-160_ses-01_run-EA18928N.nwb (KeyError('ElectricalSeries_sEEG')); skipping this run.
  sub-160 ses-01 run-EA18928O: loading...
  WARNING: failed to read /oak/stanford/groups/ckeller1/data/iEEG_EHR/iEEG_NWB/sub-160/ses-01/ieeg/sub-160_ses-01_run-EA18928O.nwb (KeyError('ElectricalSeries_sEEG')); skipping this run.
  sub-160 ses-01 run-EA18928P: loading...
  WARNING: failed to read /oak/stanford/groups/ckeller1/data/iEEG_EHR/iEEG_NWB/sub-160/ses-01/ieeg/sub-160_ses-01_run-EA18928P.nwb (KeyError('ElectricalSeries_sEEG')); skipping this run.
  sub-160 ses-01 run-EA18928Q: loading...
  WARNING: failed to read /oak/stanford/groups/ckeller1/data/iEEG_EHR/iEEG_NWB/sub-160/ses-01/ieeg/sub-160_ses-01_run-EA18928Q.nwb (KeyError('ElectricalSeries_sEEG')); skipping this run.
  sub-160 ses-01 run-EA18928R: loading...
  WARNING: failed to read /oak/stanford/groups/ckeller1/data/iEEG_EHR/iEEG_NWB/sub-160/ses-01/ieeg/sub-160_ses-01_run-EA18928R.nwb (KeyError('ElectricalSeries_sEEG')); skipping this run.
  sub-160 ses-01 run-EA18928S: loading...
  WARNING: failed to read /oak/stanford/groups/ckeller1/data/iEEG_EHR/iEEG_NWB/sub-160/ses-01/ieeg/sub-160_ses-01_run-EA18928S.nwb (KeyError('ElectricalSeries_sEEG')); skipping this run.
  sub-160 ses-01 run-EA18928T: loading...
  WARNING: failed to read /oak/stanford/groups/ckeller1/data/iEEG_EHR/iEEG_NWB/sub-160/ses-01/ieeg/sub-160_ses-01_run-EA18928T.nwb (KeyError('ElectricalSeries_sEEG')); skipping this run.
  sub-160 ses-01 run-EA18928U: loading...
  WARNING: failed to read /oak/stanford/groups/ckeller1/data/iEEG_EHR/iEEG_NWB/sub-160/ses-01/ieeg/sub-160_ses-01_run-EA18928U.nwb (KeyError('ElectricalSeries_sEEG')); skipping this run.
  sub-160 ses-01 run-EA18928V: loading...
  WARNING: failed to read /oak/stanford/groups/ckeller1/data/iEEG_EHR/iEEG_NWB/sub-160/ses-01/ieeg/sub-160_ses-01_run-EA18928V.nwb (KeyError('ElectricalSeries_sEEG')); skipping this run.
  sub-160 ses-01 run-EA18928W: loading...
  WARNING: failed to read /oak/stanford/groups/ckeller1/data/iEEG_EHR/iEEG_NWB/sub-160/ses-01/ieeg/sub-160_ses-01_run-EA18928W.nwb (KeyError('ElectricalSeries_sEEG')); skipping this run.
  sub-160 ses-01 run-EA18928X: loading...
  WARNING: failed to read /oak/stanford/groups/ckeller1/data/iEEG_EHR/iEEG_NWB/sub-160/ses-01/ieeg/sub-160_ses-01_run-EA18928X.nwb (KeyError('ElectricalSeries_sEEG')); skipping this run.
  sub-160 ses-01 run-EA18928Y: loading...
  WARNING: failed to read /oak/stanford/groups/ckeller1/data/iEEG_EHR/iEEG_NWB/sub-160/ses-01/ieeg/sub-160_ses-01_run-EA18928Y.nwb (KeyError('ElectricalSeries_sEEG')); skipping this run.
  sub-160 ses-01 run-EA18928Z: loading...
  WARNING: failed to read /oak/stanford/groups/ckeller1/data/iEEG_EHR/iEEG_NWB/sub-160/ses-01/ieeg/sub-160_ses-01_run-EA18928Z.nwb (KeyError('ElectricalSeries_sEEG')); skipping this run.
  sub-160 ses-01 run-EA189290: loading...
  WARNING: failed to read /oak/stanford/groups/ckeller1/data/iEEG_EHR/iEEG_NWB/sub-160/ses-01/ieeg/sub-160_ses-01_run-EA189290.nwb (KeyError('ElectricalSeries_sEEG')); skipping this run.
  sub-160 ses-01 run-EA189291: loading...
  WARNING: failed to read /oak/stanford/groups/ckeller1/data/iEEG_EHR/iEEG_NWB/sub-160/ses-01/ieeg/sub-160_ses-01_run-EA189291.nwb (KeyError('ElectricalSeries_sEEG')); skipping this run.
  sub-160 ses-01 run-EA189292: loading...
  WARNING: failed to read /oak/stanford/groups/ckeller1/data/iEEG_EHR/iEEG_NWB/sub-160/ses-01/ieeg/sub-160_ses-01_run-EA189292.nwb (KeyError('ElectricalSeries_sEEG')); skipping this run.
  sub-160 ses-01 run-EA189293: loading...
  WARNING: failed to read /oak/stanford/groups/ckeller1/data/iEEG_EHR/iEEG_NWB/sub-160/ses-01/ieeg/sub-160_ses-01_run-EA189293.nwb (KeyError('ElectricalSeries_sEEG')); skipping this run.
  sub-160 ses-01 run-EA189294: loading...
  WARNING: failed to read /oak/stanford/groups/ckeller1/data/iEEG_EHR/iEEG_NWB/sub-160/ses-01/ieeg/sub-160_ses-01_run-EA189294.nwb (KeyError('ElectricalSeries_sEEG')); skipping this run.
  sub-160 ses-01 run-EA189295: loading...
  WARNING: failed to read /oak/stanford/groups/ckeller1/data/iEEG_EHR/iEEG_NWB/sub-160/ses-01/ieeg/sub-160_ses-01_run-EA189295.nwb (KeyError('ElectricalSeries_sEEG')); skipping this run.
  sub-160 ses-01 run-EA189296: loading...
  WARNING: failed to read /oak/stanford/groups/ckeller1/data/iEEG_EHR/iEEG_NWB/sub-160/ses-01/ieeg/sub-160_ses-01_run-EA189296.nwb (KeyError('ElectricalSeries_sEEG')); skipping this run.
  sub-160 ses-01 run-EA189297: loading...
  WARNING: failed to read /oak/stanford/groups/ckeller1/data/iEEG_EHR/iEEG_NWB/sub-160/ses-01/ieeg/sub-160_ses-01_run-EA189297.nwb (KeyError('ElectricalSeries_sEEG')); skipping this run.
  sub-160 ses-01 run-EA189298: loading...
  WARNING: failed to read /oak/stanford/groups/ckeller1/data/iEEG_EHR/iEEG_NWB/sub-160/ses-01/ieeg/sub-160_ses-01_run-EA189298.nwb (KeyError('ElectricalSeries_sEEG')); skipping this run.
  sub-160 ses-01 run-EA189299: loading...
  WARNING: failed to read /oak/stanford/groups/ckeller1/data/iEEG_EHR/iEEG_NWB/sub-160/ses-01/ieeg/sub-160_ses-01_run-EA189299.nwb (KeyError('ElectricalSeries_sEEG')); skipping this run.
  sub-160 ses-01 run-EA18929A: loading...
  WARNING: failed to read /oak/stanford/groups/ckeller1/data/iEEG_EHR/iEEG_NWB/sub-160/ses-01/ieeg/sub-160_ses-01_run-EA18929A.nwb (KeyError('ElectricalSeries_sEEG')); skipping this run.
  sub-160 ses-01 run-EA18929B: loading...
  WARNING: failed to read /oak/stanford/groups/ckeller1/data/iEEG_EHR/iEEG_NWB/sub-160/ses-01/ieeg/sub-160_ses-01_run-EA18929B.nwb (KeyError('ElectricalSeries_sEEG')); skipping this run.
  sub-160 ses-01 run-EA18929C: loading...
  WARNING: failed to read /oak/stanford/groups/ckeller1/data/iEEG_EHR/iEEG_NWB/sub-160/ses-01/ieeg/sub-160_ses-01_run-EA18929C.nwb (KeyError('ElectricalSeries_sEEG')); skipping this run.
  sub-160 ses-01 run-EA18929D: loading...
  WARNING: failed to read /oak/stanford/groups/ckeller1/data/iEEG_EHR/iEEG_NWB/sub-160/ses-01/ieeg/sub-160_ses-01_run-EA18929D.nwb (KeyError('ElectricalSeries_sEEG')); skipping this run.
  sub-160 ses-01 run-EA18929E: loading...
  WARNING: failed to read /oak/stanford/groups/ckeller1/data/iEEG_EHR/iEEG_NWB/sub-160/ses-01/ieeg/sub-160_ses-01_run-EA18929E.nwb (KeyError('ElectricalSeries_sEEG')); skipping this run.
  sub-160 ses-01 run-EA18929F: loading...
  WARNING: failed to read /oak/stanford/groups/ckeller1/data/iEEG_EHR/iEEG_NWB/sub-160/ses-01/ieeg/sub-160_ses-01_run-EA18929F.nwb (KeyError('ElectricalSeries_sEEG')); skipping this run.
  sub-160 ses-01 run-EA18929G: loading...
  WARNING: failed to read /oak/stanford/groups/ckeller1/data/iEEG_EHR/iEEG_NWB/sub-160/ses-01/ieeg/sub-160_ses-01_run-EA18929G.nwb (KeyError('ElectricalSeries_sEEG')); skipping this run.
  sub-160 ses-01 run-EA18929H: loading...
  WARNING: failed to read /oak/stanford/groups/ckeller1/data/iEEG_EHR/iEEG_NWB/sub-160/ses-01/ieeg/sub-160_ses-01_run-EA18929H.nwb (KeyError('ElectricalSeries_sEEG')); skipping this run.
  sub-160 ses-01 run-EA18929I: loading...
  WARNING: failed to read /oak/stanford/groups/ckeller1/data/iEEG_EHR/iEEG_NWB/sub-160/ses-01/ieeg/sub-160_ses-01_run-EA18929I.nwb (KeyError('ElectricalSeries_sEEG')); skipping this run.
  sub-160 ses-01 run-EA18929J: loading...
  WARNING: failed to read /oak/stanford/groups/ckeller1/data/iEEG_EHR/iEEG_NWB/sub-160/ses-01/ieeg/sub-160_ses-01_run-EA18929J.nwb (KeyError('ElectricalSeries_sEEG')); skipping this run.
  sub-160 ses-01 run-EA18929K: loading...
  WARNING: failed to read /oak/stanford/groups/ckeller1/data/iEEG_EHR/iEEG_NWB/sub-160/ses-01/ieeg/sub-160_ses-01_run-EA18929K.nwb (KeyError('ElectricalSeries_sEEG')); skipping this run.
  sub-160 ses-01 run-EA18929L: loading...
  WARNING: failed to read /oak/stanford/groups/ckeller1/data/iEEG_EHR/iEEG_NWB/sub-160/ses-01/ieeg/sub-160_ses-01_run-EA18929L.nwb (KeyError('ElectricalSeries_sEEG')); skipping this run.
  sub-160 ses-01 run-EA18929M: loading...
  WARNING: failed to read /oak/stanford/groups/ckeller1/data/iEEG_EHR/iEEG_NWB/sub-160/ses-01/ieeg/sub-160_ses-01_run-EA18929M.nwb (KeyError('ElectricalSeries_sEEG')); skipping this run.
  sub-160 ses-01 run-EA18929N: loading...
  WARNING: failed to read /oak/stanford/groups/ckeller1/data/iEEG_EHR/iEEG_NWB/sub-160/ses-01/ieeg/sub-160_ses-01_run-EA18929N.nwb (KeyError('ElectricalSeries_sEEG')); skipping this run.
  sub-160 ses-01 run-EA18929O: loading...
  WARNING: failed to read /oak/stanford/groups/ckeller1/data/iEEG_EHR/iEEG_NWB/sub-160/ses-01/ieeg/sub-160_ses-01_run-EA18929O.nwb (KeyError('ElectricalSeries_sEEG')); skipping this run.
  sub-160 ses-01 run-EA18929P: loading...
  WARNING: failed to read /oak/stanford/groups/ckeller1/data/iEEG_EHR/iEEG_NWB/sub-160/ses-01/ieeg/sub-160_ses-01_run-EA18929P.nwb (KeyError('ElectricalSeries_sEEG')); skipping this run.
  sub-160 ses-01 run-EA18929Q: loading...
  WARNING: failed to read /oak/stanford/groups/ckeller1/data/iEEG_EHR/iEEG_NWB/sub-160/ses-01/ieeg/sub-160_ses-01_run-EA18929Q.nwb (KeyError('ElectricalSeries_sEEG')); skipping this run.
  sub-160 ses-01 run-EA18929R: loading...
  WARNING: failed to read /oak/stanford/groups/ckeller1/data/iEEG_EHR/iEEG_NWB/sub-160/ses-01/ieeg/sub-160_ses-01_run-EA18929R.nwb (KeyError('ElectricalSeries_sEEG')); skipping this run.
  sub-160 ses-01 run-EA18929S: loading...
  WARNING: failed to read /oak/stanford/groups/ckeller1/data/iEEG_EHR/iEEG_NWB/sub-160/ses-01/ieeg/sub-160_ses-01_run-EA18929S.nwb (KeyError('ElectricalSeries_sEEG')); skipping this run.
  sub-160 ses-01 run-EA18929T: loading...
  WARNING: failed to read /oak/stanford/groups/ckeller1/data/iEEG_EHR/iEEG_NWB/sub-160/ses-01/ieeg/sub-160_ses-01_run-EA18929T.nwb (KeyError('ElectricalSeries_sEEG')); skipping this run.
  sub-160 ses-01 run-EA18929U: loading...
  WARNING: failed to read /oak/stanford/groups/ckeller1/data/iEEG_EHR/iEEG_NWB/sub-160/ses-01/ieeg/sub-160_ses-01_run-EA18929U.nwb (KeyError('ElectricalSeries_sEEG')); skipping this run.
  sub-160 ses-01 run-EA18929V: loading...
  WARNING: failed to read /oak/stanford/groups/ckeller1/data/iEEG_EHR/iEEG_NWB/sub-160/ses-01/ieeg/sub-160_ses-01_run-EA18929V.nwb (KeyError('ElectricalSeries_sEEG')); skipping this run.
  sub-160 ses-01 run-EA18929W: loading...
  WARNING: failed to read /oak/stanford/groups/ckeller1/data/iEEG_EHR/iEEG_NWB/sub-160/ses-01/ieeg/sub-160_ses-01_run-EA18929W.nwb (KeyError('ElectricalSeries_sEEG')); skipping this run.
  sub-160 ses-01 run-EA18929X: loading...
  WARNING: failed to read /oak/stanford/groups/ckeller1/data/iEEG_EHR/iEEG_NWB/sub-160/ses-01/ieeg/sub-160_ses-01_run-EA18929X.nwb (KeyError('ElectricalSeries_sEEG')); skipping this run.
  sub-160 ses-01 run-EA18929Y: loading...
  WARNING: failed to read /oak/stanford/groups/ckeller1/data/iEEG_EHR/iEEG_NWB/sub-160/ses-01/ieeg/sub-160_ses-01_run-EA18929Y.nwb (KeyError('ElectricalSeries_sEEG')); skipping this run.
  sub-160 ses-01 run-EA18929Z: loading...
  WARNING: failed to read /oak/stanford/groups/ckeller1/data/iEEG_EHR/iEEG_NWB/sub-160/ses-01/ieeg/sub-160_ses-01_run-EA18929Z.nwb (KeyError('ElectricalSeries_sEEG')); skipping this run.
  sub-160 ses-01 run-EA1892A0: loading...
  WARNING: failed to read /oak/stanford/groups/ckeller1/data/iEEG_EHR/iEEG_NWB/sub-160/ses-01/ieeg/sub-160_ses-01_run-EA1892A0.nwb (KeyError('ElectricalSeries_sEEG')); skipping this run.
  sub-160 ses-01 run-EA1892A1: loading...
  WARNING: failed to read /oak/stanford/groups/ckeller1/data/iEEG_EHR/iEEG_NWB/sub-160/ses-01/ieeg/sub-160_ses-01_run-EA1892A1.nwb (KeyError('ElectricalSeries_sEEG')); skipping this run.
  sub-160 ses-01 run-EA1892A2: loading...
  WARNING: failed to read /oak/stanford/groups/ckeller1/data/iEEG_EHR/iEEG_NWB/sub-160/ses-01/ieeg/sub-160_ses-01_run-EA1892A2.nwb (KeyError('ElectricalSeries_sEEG')); skipping this run.
  sub-160 ses-01 run-EA1892A3: loading...
  WARNING: failed to read /oak/stanford/groups/ckeller1/data/iEEG_EHR/iEEG_NWB/sub-160/ses-01/ieeg/sub-160_ses-01_run-EA1892A3.nwb (KeyError('ElectricalSeries_sEEG')); skipping this run.
  sub-160 ses-01 run-EA1892A4: loading...
  WARNING: failed to read /oak/stanford/groups/ckeller1/data/iEEG_EHR/iEEG_NWB/sub-160/ses-01/ieeg/sub-160_ses-01_run-EA1892A4.nwb (KeyError('ElectricalSeries_sEEG')); skipping this run.
  sub-160 ses-01 run-EA1892A5: loading...
  WARNING: failed to read /oak/stanford/groups/ckeller1/data/iEEG_EHR/iEEG_NWB/sub-160/ses-01/ieeg/sub-160_ses-01_run-EA1892A5.nwb (KeyError('ElectricalSeries_sEEG')); skipping this run.
  sub-160 ses-01 run-EA1892A6: loading...
  WARNING: failed to read /oak/stanford/groups/ckeller1/data/iEEG_EHR/iEEG_NWB/sub-160/ses-01/ieeg/sub-160_ses-01_run-EA1892A6.nwb (KeyError('ElectricalSeries_sEEG')); skipping this run.
  sub-160 ses-01 run-EA1892A7: loading...
  WARNING: failed to read /oak/stanford/groups/ckeller1/data/iEEG_EHR/iEEG_NWB/sub-160/ses-01/ieeg/sub-160_ses-01_run-EA1892A7.nwb (KeyError('ElectricalSeries_sEEG')); skipping this run.
  sub-160 ses-01 run-EA1892A8: loading...
  WARNING: failed to read /oak/stanford/groups/ckeller1/data/iEEG_EHR/iEEG_NWB/sub-160/ses-01/ieeg/sub-160_ses-01_run-EA1892A8.nwb (KeyError('ElectricalSeries_sEEG')); skipping this run.
  sub-160 ses-01 run-EA1892A9: loading...
  WARNING: failed to read /oak/stanford/groups/ckeller1/data/iEEG_EHR/iEEG_NWB/sub-160/ses-01/ieeg/sub-160_ses-01_run-EA1892A9.nwb (KeyError('ElectricalSeries_sEEG')); skipping this run.
  sub-160 ses-01 run-EA1892AA: loading...
  WARNING: failed to read /oak/stanford/groups/ckeller1/data/iEEG_EHR/iEEG_NWB/sub-160/ses-01/ieeg/sub-160_ses-01_run-EA1892AA.nwb (KeyError('ElectricalSeries_sEEG')); skipping this run.
  sub-160 ses-01 run-EA1892AB: loading...
  WARNING: failed to read /oak/stanford/groups/ckeller1/data/iEEG_EHR/iEEG_NWB/sub-160/ses-01/ieeg/sub-160_ses-01_run-EA1892AB.nwb (KeyError('ElectricalSeries_sEEG')); skipping this run.
  sub-160 ses-01 run-EA1892AC: loading...
  WARNING: failed to read /oak/stanford/groups/ckeller1/data/iEEG_EHR/iEEG_NWB/sub-160/ses-01/ieeg/sub-160_ses-01_run-EA1892AC.nwb (KeyError('ElectricalSeries_sEEG')); skipping this run.
  sub-160 ses-01 run-EA1892AD: loading...
  WARNING: failed to read /oak/stanford/groups/ckeller1/data/iEEG_EHR/iEEG_NWB/sub-160/ses-01/ieeg/sub-160_ses-01_run-EA1892AD.nwb (KeyError('ElectricalSeries_sEEG')); skipping this run.
  sub-160 ses-01 run-EA1892AE: loading...
  WARNING: failed to read /oak/stanford/groups/ckeller1/data/iEEG_EHR/iEEG_NWB/sub-160/ses-01/ieeg/sub-160_ses-01_run-EA1892AE.nwb (KeyError('ElectricalSeries_sEEG')); skipping this run.
  sub-160 ses-01 run-EA1892AF: loading...
  WARNING: failed to read /oak/stanford/groups/ckeller1/data/iEEG_EHR/iEEG_NWB/sub-160/ses-01/ieeg/sub-160_ses-01_run-EA1892AF.nwb (KeyError('ElectricalSeries_sEEG')); skipping this run.
  sub-160 ses-01 run-EA1892AG: loading...
  WARNING: failed to read /oak/stanford/groups/ckeller1/data/iEEG_EHR/iEEG_NWB/sub-160/ses-01/ieeg/sub-160_ses-01_run-EA1892AG.nwb (KeyError('ElectricalSeries_sEEG')); skipping this run.
  sub-160 ses-01 run-EA1892AH: loading...
  WARNING: failed to read /oak/stanford/groups/ckeller1/data/iEEG_EHR/iEEG_NWB/sub-160/ses-01/ieeg/sub-160_ses-01_run-EA1892AH.nwb (KeyError('ElectricalSeries_sEEG')); skipping this run.
  sub-160 ses-01 run-EA1892AI: loading...
  WARNING: failed to read /oak/stanford/groups/ckeller1/data/iEEG_EHR/iEEG_NWB/sub-160/ses-01/ieeg/sub-160_ses-01_run-EA1892AI.nwb (KeyError('ElectricalSeries_sEEG')); skipping this run.
  sub-160 ses-01 run-EA1892AJ: loading...
  WARNING: failed to read /oak/stanford/groups/ckeller1/data/iEEG_EHR/iEEG_NWB/sub-160/ses-01/ieeg/sub-160_ses-01_run-EA1892AJ.nwb (KeyError('ElectricalSeries_sEEG')); skipping this run.
  sub-160 ses-01 run-EA1892AK: loading...
  WARNING: failed to read /oak/stanford/groups/ckeller1/data/iEEG_EHR/iEEG_NWB/sub-160/ses-01/ieeg/sub-160_ses-01_run-EA1892AK.nwb (KeyError('ElectricalSeries_sEEG')); skipping this run.
  sub-160 ses-01 run-EA1892AL: loading...
  WARNING: failed to read /oak/stanford/groups/ckeller1/data/iEEG_EHR/iEEG_NWB/sub-160/ses-01/ieeg/sub-160_ses-01_run-EA1892AL.nwb (KeyError('ElectricalSeries_sEEG')); skipping this run.
  sub-160 ses-01 run-EA1892AM: loading...
  WARNING: failed to read /oak/stanford/groups/ckeller1/data/iEEG_EHR/iEEG_NWB/sub-160/ses-01/ieeg/sub-160_ses-01_run-EA1892AM.nwb (KeyError('ElectricalSeries_sEEG')); skipping this run.
  sub-160 ses-01 run-EA1892AN: loading...
  WARNING: failed to read /oak/stanford/groups/ckeller1/data/iEEG_EHR/iEEG_NWB/sub-160/ses-01/ieeg/sub-160_ses-01_run-EA1892AN.nwb (KeyError('ElectricalSeries_sEEG')); skipping this run.
  sub-160 ses-01 run-EA1892AO: loading...
  WARNING: failed to read /oak/stanford/groups/ckeller1/data/iEEG_EHR/iEEG_NWB/sub-160/ses-01/ieeg/sub-160_ses-01_run-EA1892AO.nwb (KeyError('ElectricalSeries_sEEG')); skipping this run.
  sub-160 ses-01 run-EA1892AP: loading...
  WARNING: failed to read /oak/stanford/groups/ckeller1/data/iEEG_EHR/iEEG_NWB/sub-160/ses-01/ieeg/sub-160_ses-01_run-EA1892AP.nwb (KeyError('ElectricalSeries_sEEG')); skipping this run.
  sub-160 ses-01 run-EA1892AQ: loading...
  WARNING: failed to read /oak/stanford/groups/ckeller1/data/iEEG_EHR/iEEG_NWB/sub-160/ses-01/ieeg/sub-160_ses-01_run-EA1892AQ.nwb (KeyError('ElectricalSeries_sEEG')); skipping this run.
  sub-160 ses-01 run-EA1892AR: loading...
  WARNING: failed to read /oak/stanford/groups/ckeller1/data/iEEG_EHR/iEEG_NWB/sub-160/ses-01/ieeg/sub-160_ses-01_run-EA1892AR.nwb (KeyError('ElectricalSeries_sEEG')); skipping this run.
  sub-160 ses-01 run-EA1892AS: loading...
  WARNING: failed to read /oak/stanford/groups/ckeller1/data/iEEG_EHR/iEEG_NWB/sub-160/ses-01/ieeg/sub-160_ses-01_run-EA1892AS.nwb (KeyError('ElectricalSeries_sEEG')); skipping this run.
  sub-160 ses-01 run-EA1892AT: loading...
  WARNING: failed to read /oak/stanford/groups/ckeller1/data/iEEG_EHR/iEEG_NWB/sub-160/ses-01/ieeg/sub-160_ses-01_run-EA1892AT.nwb (KeyError('ElectricalSeries_sEEG')); skipping this run.
  sub-160 ses-01 run-EA1892AU: loading...
  WARNING: failed to read /oak/stanford/groups/ckeller1/data/iEEG_EHR/iEEG_NWB/sub-160/ses-01/ieeg/sub-160_ses-01_run-EA1892AU.nwb (KeyError('ElectricalSeries_sEEG')); skipping this run.
  sub-160 ses-01 run-EA1892AV: loading...
  WARNING: failed to read /oak/stanford/groups/ckeller1/data/iEEG_EHR/iEEG_NWB/sub-160/ses-01/ieeg/sub-160_ses-01_run-EA1892AV.nwb (KeyError('ElectricalSeries_sEEG')); skipping this run.
  sub-160 ses-01 run-EA1892AW: loading...
  WARNING: failed to read /oak/stanford/groups/ckeller1/data/iEEG_EHR/iEEG_NWB/sub-160/ses-01/ieeg/sub-160_ses-01_run-EA1892AW.nwb (KeyError('ElectricalSeries_sEEG')); skipping this run.
  sub-160 ses-01 run-EA1892AX: loading...
  WARNING: failed to read /oak/stanford/groups/ckeller1/data/iEEG_EHR/iEEG_NWB/sub-160/ses-01/ieeg/sub-160_ses-01_run-EA1892AX.nwb (KeyError('ElectricalSeries_sEEG')); skipping this run.
  sub-160 ses-01 run-EA1892AY: loading...
  WARNING: failed to read /oak/stanford/groups/ckeller1/data/iEEG_EHR/iEEG_NWB/sub-160/ses-01/ieeg/sub-160_ses-01_run-EA1892AY.nwb (KeyError('ElectricalSeries_sEEG')); skipping this run.
  sub-160 ses-01 run-EA1892AZ: loading...
  WARNING: failed to read /oak/stanford/groups/ckeller1/data/iEEG_EHR/iEEG_NWB/sub-160/ses-01/ieeg/sub-160_ses-01_run-EA1892AZ.nwb (KeyError('ElectricalSeries_sEEG')); skipping this run.
  sub-160 ses-01 run-EA1892B0: loading...
  WARNING: failed to read /oak/stanford/groups/ckeller1/data/iEEG_EHR/iEEG_NWB/sub-160/ses-01/ieeg/sub-160_ses-01_run-EA1892B0.nwb (KeyError('ElectricalSeries_sEEG')); skipping this run.
  sub-160 ses-01 run-EA1892B1: loading...
  WARNING: failed to read /oak/stanford/groups/ckeller1/data/iEEG_EHR/iEEG_NWB/sub-160/ses-01/ieeg/sub-160_ses-01_run-EA1892B1.nwb (KeyError('ElectricalSeries_sEEG')); skipping this run.
  sub-160 ses-01 run-EA1892B2: loading...
  WARNING: failed to read /oak/stanford/groups/ckeller1/data/iEEG_EHR/iEEG_NWB/sub-160/ses-01/ieeg/sub-160_ses-01_run-EA1892B2.nwb (KeyError('ElectricalSeries_sEEG')); skipping this run.
  sub-160 ses-01 run-EA1892B3: loading...
  WARNING: failed to read /oak/stanford/groups/ckeller1/data/iEEG_EHR/iEEG_NWB/sub-160/ses-01/ieeg/sub-160_ses-01_run-EA1892B3.nwb (KeyError('ElectricalSeries_sEEG')); skipping this run.
  sub-160 ses-01 run-EA1892B4: loading...
  WARNING: failed to read /oak/stanford/groups/ckeller1/data/iEEG_EHR/iEEG_NWB/sub-160/ses-01/ieeg/sub-160_ses-01_run-EA1892B4.nwb (KeyError('ElectricalSeries_sEEG')); skipping this run.
  sub-160 ses-01 run-EA1892B5: loading...
  WARNING: failed to read /oak/stanford/groups/ckeller1/data/iEEG_EHR/iEEG_NWB/sub-160/ses-01/ieeg/sub-160_ses-01_run-EA1892B5.nwb (KeyError('ElectricalSeries_sEEG')); skipping this run.
  sub-160 ses-01 run-EA1892B6: loading...
  WARNING: failed to read /oak/stanford/groups/ckeller1/data/iEEG_EHR/iEEG_NWB/sub-160/ses-01/ieeg/sub-160_ses-01_run-EA1892B6.nwb (KeyError('ElectricalSeries_sEEG')); skipping this run.
  sub-160 ses-01 run-EA1892B7: loading...
  WARNING: failed to read /oak/stanford/groups/ckeller1/data/iEEG_EHR/iEEG_NWB/sub-160/ses-01/ieeg/sub-160_ses-01_run-EA1892B7.nwb (KeyError('ElectricalSeries_sEEG')); skipping this run.
  sub-160 ses-01 run-EA1892B8: loading...
  WARNING: failed to read /oak/stanford/groups/ckeller1/data/iEEG_EHR/iEEG_NWB/sub-160/ses-01/ieeg/sub-160_ses-01_run-EA1892B8.nwb (KeyError('ElectricalSeries_sEEG')); skipping this run.
  sub-160 ses-01 run-EA1892B9: loading...
  WARNING: failed to read /oak/stanford/groups/ckeller1/data/iEEG_EHR/iEEG_NWB/sub-160/ses-01/ieeg/sub-160_ses-01_run-EA1892B9.nwb (KeyError('ElectricalSeries_sEEG')); skipping this run.
  sub-160 ses-01 run-EA1892BA: loading...
  WARNING: failed to read /oak/stanford/groups/ckeller1/data/iEEG_EHR/iEEG_NWB/sub-160/ses-01/ieeg/sub-160_ses-01_run-EA1892BA.nwb (KeyError('ElectricalSeries_sEEG')); skipping this run.
  sub-160 ses-01 run-EA1892BB: loading...
  WARNING: failed to read /oak/stanford/groups/ckeller1/data/iEEG_EHR/iEEG_NWB/sub-160/ses-01/ieeg/sub-160_ses-01_run-EA1892BB.nwb (KeyError('ElectricalSeries_sEEG')); skipping this run.
  sub-160 ses-01 run-EA1892BC: loading...
  WARNING: failed to read /oak/stanford/groups/ckeller1/data/iEEG_EHR/iEEG_NWB/sub-160/ses-01/ieeg/sub-160_ses-01_run-EA1892BC.nwb (KeyError('ElectricalSeries_sEEG')); skipping this run.
  sub-160 ses-01 run-EA1892BD: loading...
  WARNING: failed to read /oak/stanford/groups/ckeller1/data/iEEG_EHR/iEEG_NWB/sub-160/ses-01/ieeg/sub-160_ses-01_run-EA1892BD.nwb (KeyError('ElectricalSeries_sEEG')); skipping this run.
  sub-160 ses-01 run-EA1892BE: loading...
  WARNING: failed to read /oak/stanford/groups/ckeller1/data/iEEG_EHR/iEEG_NWB/sub-160/ses-01/ieeg/sub-160_ses-01_run-EA1892BE.nwb (KeyError('ElectricalSeries_sEEG')); skipping this run.
  sub-160 ses-01 run-EA1892BF: loading...
  WARNING: failed to read /oak/stanford/groups/ckeller1/data/iEEG_EHR/iEEG_NWB/sub-160/ses-01/ieeg/sub-160_ses-01_run-EA1892BF.nwb (KeyError('ElectricalSeries_sEEG')); skipping this run.
  sub-160 ses-01 run-EA1892BG: loading...
  WARNING: failed to read /oak/stanford/groups/ckeller1/data/iEEG_EHR/iEEG_NWB/sub-160/ses-01/ieeg/sub-160_ses-01_run-EA1892BG.nwb (KeyError('ElectricalSeries_sEEG')); skipping this run.
  sub-160 ses-01 run-EA1892BH: loading...
  WARNING: failed to read /oak/stanford/groups/ckeller1/data/iEEG_EHR/iEEG_NWB/sub-160/ses-01/ieeg/sub-160_ses-01_run-EA1892BH.nwb (KeyError('ElectricalSeries_sEEG')); skipping this run.
  sub-160 ses-01 run-EA1892BI: loading...
  WARNING: failed to read /oak/stanford/groups/ckeller1/data/iEEG_EHR/iEEG_NWB/sub-160/ses-01/ieeg/sub-160_ses-01_run-EA1892BI.nwb (KeyError('ElectricalSeries_sEEG')); skipping this run.
  sub-160 ses-01 run-EA1892BJ: loading...
  WARNING: failed to read /oak/stanford/groups/ckeller1/data/iEEG_EHR/iEEG_NWB/sub-160/ses-01/ieeg/sub-160_ses-01_run-EA1892BJ.nwb (KeyError('ElectricalSeries_sEEG')); skipping this run.
  sub-160 ses-01 run-EA1892BK: loading...
  WARNING: failed to read /oak/stanford/groups/ckeller1/data/iEEG_EHR/iEEG_NWB/sub-160/ses-01/ieeg/sub-160_ses-01_run-EA1892BK.nwb (KeyError('ElectricalSeries_sEEG')); skipping this run.
  sub-160 ses-01 run-EA1892BL: loading...
  WARNING: failed to read /oak/stanford/groups/ckeller1/data/iEEG_EHR/iEEG_NWB/sub-160/ses-01/ieeg/sub-160_ses-01_run-EA1892BL.nwb (KeyError('ElectricalSeries_sEEG')); skipping this run.
  sub-160 ses-01 run-EA1892BM: loading...
  WARNING: failed to read /oak/stanford/groups/ckeller1/data/iEEG_EHR/iEEG_NWB/sub-160/ses-01/ieeg/sub-160_ses-01_run-EA1892BM.nwb (KeyError('ElectricalSeries_sEEG')); skipping this run.
  sub-160 ses-01 run-EA1892BN: loading...
  WARNING: failed to read /oak/stanford/groups/ckeller1/data/iEEG_EHR/iEEG_NWB/sub-160/ses-01/ieeg/sub-160_ses-01_run-EA1892BN.nwb (KeyError('ElectricalSeries_sEEG')); skipping this run.
  sub-160 ses-01 run-EA1892BO: loading...
  WARNING: failed to read /oak/stanford/groups/ckeller1/data/iEEG_EHR/iEEG_NWB/sub-160/ses-01/ieeg/sub-160_ses-01_run-EA1892BO.nwb (KeyError('ElectricalSeries_sEEG')); skipping this run.
  sub-160 ses-01 run-EA1892BP: loading...
  WARNING: failed to read /oak/stanford/groups/ckeller1/data/iEEG_EHR/iEEG_NWB/sub-160/ses-01/ieeg/sub-160_ses-01_run-EA1892BP.nwb (KeyError('ElectricalSeries_sEEG')); skipping this run.
  sub-160 ses-01 run-EA1892BQ: loading...
  WARNING: failed to read /oak/stanford/groups/ckeller1/data/iEEG_EHR/iEEG_NWB/sub-160/ses-01/ieeg/sub-160_ses-01_run-EA1892BQ.nwb (KeyError('ElectricalSeries_sEEG')); skipping this run.
  sub-160 ses-01 run-EA1892BR: loading...
  WARNING: failed to read /oak/stanford/groups/ckeller1/data/iEEG_EHR/iEEG_NWB/sub-160/ses-01/ieeg/sub-160_ses-01_run-EA1892BR.nwb (KeyError('ElectricalSeries_sEEG')); skipping this run.
  sub-160 ses-01 run-EA1892BS: loading...
  WARNING: failed to read /oak/stanford/groups/ckeller1/data/iEEG_EHR/iEEG_NWB/sub-160/ses-01/ieeg/sub-160_ses-01_run-EA1892BS.nwb (KeyError('ElectricalSeries_sEEG')); skipping this run.
  sub-160 ses-01 run-EA1892BT: loading...
  WARNING: failed to read /oak/stanford/groups/ckeller1/data/iEEG_EHR/iEEG_NWB/sub-160/ses-01/ieeg/sub-160_ses-01_run-EA1892BT.nwb (KeyError('ElectricalSeries_sEEG')); skipping this run.
  sub-160 ses-01 run-EA1892BU: loading...
  WARNING: failed to read /oak/stanford/groups/ckeller1/data/iEEG_EHR/iEEG_NWB/sub-160/ses-01/ieeg/sub-160_ses-01_run-EA1892BU.nwb (KeyError('ElectricalSeries_sEEG')); skipping this run.
  sub-160 ses-01 run-EA1892BV: loading...
  WARNING: failed to read /oak/stanford/groups/ckeller1/data/iEEG_EHR/iEEG_NWB/sub-160/ses-01/ieeg/sub-160_ses-01_run-EA1892BV.nwb (KeyError('ElectricalSeries_sEEG')); skipping this run.
  sub-160 ses-01 run-EA1892BW: loading...
  WARNING: failed to read /oak/stanford/groups/ckeller1/data/iEEG_EHR/iEEG_NWB/sub-160/ses-01/ieeg/sub-160_ses-01_run-EA1892BW.nwb (KeyError('ElectricalSeries_sEEG')); skipping this run.
  sub-160 ses-01 run-EA1892BX: loading...
  WARNING: failed to read /oak/stanford/groups/ckeller1/data/iEEG_EHR/iEEG_NWB/sub-160/ses-01/ieeg/sub-160_ses-01_run-EA1892BX.nwb (KeyError('ElectricalSeries_sEEG')); skipping this run.
  sub-160 ses-01 run-EA1892BY: loading...
  WARNING: failed to read /oak/stanford/groups/ckeller1/data/iEEG_EHR/iEEG_NWB/sub-160/ses-01/ieeg/sub-160_ses-01_run-EA1892BY.nwb (KeyError('ElectricalSeries_sEEG')); skipping this run.
  sub-160 ses-01 run-EA1892BZ: loading...
  WARNING: failed to read /oak/stanford/groups/ckeller1/data/iEEG_EHR/iEEG_NWB/sub-160/ses-01/ieeg/sub-160_ses-01_run-EA1892BZ.nwb (KeyError('ElectricalSeries_sEEG')); skipping this run.
  sub-160 ses-01 run-EA1892C0: loading...
  WARNING: failed to read /oak/stanford/groups/ckeller1/data/iEEG_EHR/iEEG_NWB/sub-160/ses-01/ieeg/sub-160_ses-01_run-EA1892C0.nwb (KeyError('ElectricalSeries_sEEG')); skipping this run.
  sub-160 ses-01 run-EA1892C1: loading...
  WARNING: failed to read /oak/stanford/groups/ckeller1/data/iEEG_EHR/iEEG_NWB/sub-160/ses-01/ieeg/sub-160_ses-01_run-EA1892C1.nwb (KeyError('ElectricalSeries_sEEG')); skipping this run.
  sub-160 ses-01 run-EA1892C2: loading...
  WARNING: failed to read /oak/stanford/groups/ckeller1/data/iEEG_EHR/iEEG_NWB/sub-160/ses-01/ieeg/sub-160_ses-01_run-EA1892C2.nwb (KeyError('ElectricalSeries_sEEG')); skipping this run.
  sub-160 ses-01 run-EA1892C3: loading...
  WARNING: failed to read /oak/stanford/groups/ckeller1/data/iEEG_EHR/iEEG_NWB/sub-160/ses-01/ieeg/sub-160_ses-01_run-EA1892C3.nwb (KeyError('ElectricalSeries_sEEG')); skipping this run.
  sub-160 ses-01 run-EA1892C4: loading...
  WARNING: failed to read /oak/stanford/groups/ckeller1/data/iEEG_EHR/iEEG_NWB/sub-160/ses-01/ieeg/sub-160_ses-01_run-EA1892C4.nwb (KeyError('ElectricalSeries_sEEG')); skipping this run.
  sub-160 ses-01 run-EA1892C5: loading...
  WARNING: failed to read /oak/stanford/groups/ckeller1/data/iEEG_EHR/iEEG_NWB/sub-160/ses-01/ieeg/sub-160_ses-01_run-EA1892C5.nwb (KeyError('ElectricalSeries_sEEG')); skipping this run.
  sub-160 ses-01 run-EA1892C6: loading...
  WARNING: failed to read /oak/stanford/groups/ckeller1/data/iEEG_EHR/iEEG_NWB/sub-160/ses-01/ieeg/sub-160_ses-01_run-EA1892C6.nwb (KeyError('ElectricalSeries_sEEG')); skipping this run.
  sub-160 ses-01 run-EA1892C7: loading...
  WARNING: failed to read /oak/stanford/groups/ckeller1/data/iEEG_EHR/iEEG_NWB/sub-160/ses-01/ieeg/sub-160_ses-01_run-EA1892C7.nwb (KeyError('ElectricalSeries_sEEG')); skipping this run.
  sub-160 ses-01 run-EA1892C8: loading...
  WARNING: failed to read /oak/stanford/groups/ckeller1/data/iEEG_EHR/iEEG_NWB/sub-160/ses-01/ieeg/sub-160_ses-01_run-EA1892C8.nwb (KeyError('ElectricalSeries_sEEG')); skipping this run.
  sub-160 ses-01 run-EA1892C9: loading...
  WARNING: failed to read /oak/stanford/groups/ckeller1/data/iEEG_EHR/iEEG_NWB/sub-160/ses-01/ieeg/sub-160_ses-01_run-EA1892C9.nwb (KeyError('ElectricalSeries_sEEG')); skipping this run.
  sub-160 ses-01 run-EA1892CA: loading...
  WARNING: failed to read /oak/stanford/groups/ckeller1/data/iEEG_EHR/iEEG_NWB/sub-160/ses-01/ieeg/sub-160_ses-01_run-EA1892CA.nwb (KeyError('ElectricalSeries_sEEG')); skipping this run.
  sub-160 ses-01 run-EA1892CB: loading...
  WARNING: failed to read /oak/stanford/groups/ckeller1/data/iEEG_EHR/iEEG_NWB/sub-160/ses-01/ieeg/sub-160_ses-01_run-EA1892CB.nwb (KeyError('ElectricalSeries_sEEG')); skipping this run.
  sub-160 ses-01 run-EA1892CC: loading...
  WARNING: failed to read /oak/stanford/groups/ckeller1/data/iEEG_EHR/iEEG_NWB/sub-160/ses-01/ieeg/sub-160_ses-01_run-EA1892CC.nwb (KeyError('ElectricalSeries_sEEG')); skipping this run.
  sub-160 ses-01 run-EA1892CD: loading...
  WARNING: failed to read /oak/stanford/groups/ckeller1/data/iEEG_EHR/iEEG_NWB/sub-160/ses-01/ieeg/sub-160_ses-01_run-EA1892CD.nwb (KeyError('ElectricalSeries_sEEG')); skipping this run.
  sub-160 ses-01 run-EA1892CE: loading...
  WARNING: failed to read /oak/stanford/groups/ckeller1/data/iEEG_EHR/iEEG_NWB/sub-160/ses-01/ieeg/sub-160_ses-01_run-EA1892CE.nwb (KeyError('ElectricalSeries_sEEG')); skipping this run.
  sub-160 ses-01 run-EA1892CF: loading...
  WARNING: failed to read /oak/stanford/groups/ckeller1/data/iEEG_EHR/iEEG_NWB/sub-160/ses-01/ieeg/sub-160_ses-01_run-EA1892CF.nwb (KeyError('ElectricalSeries_sEEG')); skipping this run.
  sub-160 ses-01 run-EA1892CG: loading...
  WARNING: failed to read /oak/stanford/groups/ckeller1/data/iEEG_EHR/iEEG_NWB/sub-160/ses-01/ieeg/sub-160_ses-01_run-EA1892CG.nwb (KeyError('ElectricalSeries_sEEG')); skipping this run.
  sub-160 ses-01 run-EA1892CH: loading...
  WARNING: failed to read /oak/stanford/groups/ckeller1/data/iEEG_EHR/iEEG_NWB/sub-160/ses-01/ieeg/sub-160_ses-01_run-EA1892CH.nwb (KeyError('ElectricalSeries_sEEG')); skipping this run.
  sub-160 ses-01 run-EA1892CI: loading...
  WARNING: failed to read /oak/stanford/groups/ckeller1/data/iEEG_EHR/iEEG_NWB/sub-160/ses-01/ieeg/sub-160_ses-01_run-EA1892CI.nwb (KeyError('ElectricalSeries_sEEG')); skipping this run.
  sub-160 ses-01 run-EA1892CJ: loading...
  WARNING: failed to read /oak/stanford/groups/ckeller1/data/iEEG_EHR/iEEG_NWB/sub-160/ses-01/ieeg/sub-160_ses-01_run-EA1892CJ.nwb (KeyError('ElectricalSeries_sEEG')); skipping this run.
  sub-160 ses-01 run-EA1892CK: loading...
  WARNING: failed to read /oak/stanford/groups/ckeller1/data/iEEG_EHR/iEEG_NWB/sub-160/ses-01/ieeg/sub-160_ses-01_run-EA1892CK.nwb (KeyError('ElectricalSeries_sEEG')); skipping this run.
  sub-160 ses-01 run-EA1892CL: loading...
  WARNING: failed to read /oak/stanford/groups/ckeller1/data/iEEG_EHR/iEEG_NWB/sub-160/ses-01/ieeg/sub-160_ses-01_run-EA1892CL.nwb (KeyError('ElectricalSeries_sEEG')); skipping this run.
  sub-160 ses-01 run-EA1892CM: loading...
  WARNING: failed to read /oak/stanford/groups/ckeller1/data/iEEG_EHR/iEEG_NWB/sub-160/ses-01/ieeg/sub-160_ses-01_run-EA1892CM.nwb (KeyError('ElectricalSeries_sEEG')); skipping this run.
  sub-160 ses-01 run-EA1892CN: loading...
  WARNING: failed to read /oak/stanford/groups/ckeller1/data/iEEG_EHR/iEEG_NWB/sub-160/ses-01/ieeg/sub-160_ses-01_run-EA1892CN.nwb (KeyError('ElectricalSeries_sEEG')); skipping this run.
  sub-160 ses-01 run-EA1892CO: loading...
  WARNING: failed to read /oak/stanford/groups/ckeller1/data/iEEG_EHR/iEEG_NWB/sub-160/ses-01/ieeg/sub-160_ses-01_run-EA1892CO.nwb (KeyError('ElectricalSeries_sEEG')); skipping this run.
  sub-160 ses-01 run-EA1892CP: loading...
  WARNING: failed to read /oak/stanford/groups/ckeller1/data/iEEG_EHR/iEEG_NWB/sub-160/ses-01/ieeg/sub-160_ses-01_run-EA1892CP.nwb (KeyError('ElectricalSeries_sEEG')); skipping this run.
  sub-160 ses-01 run-EA1892CQ: loading...
  WARNING: failed to read /oak/stanford/groups/ckeller1/data/iEEG_EHR/iEEG_NWB/sub-160/ses-01/ieeg/sub-160_ses-01_run-EA1892CQ.nwb (KeyError('ElectricalSeries_sEEG')); skipping this run.
  sub-160 ses-01 run-EA1892CR: loading...
  WARNING: failed to read /oak/stanford/groups/ckeller1/data/iEEG_EHR/iEEG_NWB/sub-160/ses-01/ieeg/sub-160_ses-01_run-EA1892CR.nwb (KeyError('ElectricalSeries_sEEG')); skipping this run.
  sub-160 ses-01 run-EA1892CS: loading...
  WARNING: failed to read /oak/stanford/groups/ckeller1/data/iEEG_EHR/iEEG_NWB/sub-160/ses-01/ieeg/sub-160_ses-01_run-EA1892CS.nwb (KeyError('ElectricalSeries_sEEG')); skipping this run.
  sub-160 ses-01 run-EA1892CT: loading...
  WARNING: failed to read /oak/stanford/groups/ckeller1/data/iEEG_EHR/iEEG_NWB/sub-160/ses-01/ieeg/sub-160_ses-01_run-EA1892CT.nwb (KeyError('ElectricalSeries_sEEG')); skipping this run.
  sub-160 ses-01 run-EA1892CU: loading...
  WARNING: failed to read /oak/stanford/groups/ckeller1/data/iEEG_EHR/iEEG_NWB/sub-160/ses-01/ieeg/sub-160_ses-01_run-EA1892CU.nwb (KeyError('ElectricalSeries_sEEG')); skipping this run.
  sub-160 ses-01 run-EA1892CV: loading...
  WARNING: failed to read /oak/stanford/groups/ckeller1/data/iEEG_EHR/iEEG_NWB/sub-160/ses-01/ieeg/sub-160_ses-01_run-EA1892CV.nwb (KeyError('ElectricalSeries_sEEG')); skipping this run.
  sub-160 ses-01 run-EA1892CW: loading...
  WARNING: failed to read /oak/stanford/groups/ckeller1/data/iEEG_EHR/iEEG_NWB/sub-160/ses-01/ieeg/sub-160_ses-01_run-EA1892CW.nwb (KeyError('ElectricalSeries_sEEG')); skipping this run.
  sub-160 ses-01 run-EA1892CX: loading...
  WARNING: failed to read /oak/stanford/groups/ckeller1/data/iEEG_EHR/iEEG_NWB/sub-160/ses-01/ieeg/sub-160_ses-01_run-EA1892CX.nwb (KeyError('ElectricalSeries_sEEG')); skipping this run.
  sub-160 ses-01 run-EA1892CY: loading...
  WARNING: failed to read /oak/stanford/groups/ckeller1/data/iEEG_EHR/iEEG_NWB/sub-160/ses-01/ieeg/sub-160_ses-01_run-EA1892CY.nwb (KeyError('ElectricalSeries_sEEG')); skipping this run.
  sub-160 ses-01 run-EA1892CZ: loading...
  WARNING: failed to read /oak/stanford/groups/ckeller1/data/iEEG_EHR/iEEG_NWB/sub-160/ses-01/ieeg/sub-160_ses-01_run-EA1892CZ.nwb (KeyError('ElectricalSeries_sEEG')); skipping this run.
  sub-160 ses-01 run-EA1892D0: loading...
  WARNING: failed to read /oak/stanford/groups/ckeller1/data/iEEG_EHR/iEEG_NWB/sub-160/ses-01/ieeg/sub-160_ses-01_run-EA1892D0.nwb (KeyError('ElectricalSeries_sEEG')); skipping this run.
  sub-160 ses-01 run-EA1892D1: loading...
  WARNING: failed to read /oak/stanford/groups/ckeller1/data/iEEG_EHR/iEEG_NWB/sub-160/ses-01/ieeg/sub-160_ses-01_run-EA1892D1.nwb (KeyError('ElectricalSeries_sEEG')); skipping this run.
  sub-160 ses-01 run-EA1892D2: loading...
  WARNING: failed to read /oak/stanford/groups/ckeller1/data/iEEG_EHR/iEEG_NWB/sub-160/ses-01/ieeg/sub-160_ses-01_run-EA1892D2.nwb (KeyError('ElectricalSeries_sEEG')); skipping this run.
  sub-160 ses-01 run-EA1892D3: loading...
  WARNING: failed to read /oak/stanford/groups/ckeller1/data/iEEG_EHR/iEEG_NWB/sub-160/ses-01/ieeg/sub-160_ses-01_run-EA1892D3.nwb (KeyError('ElectricalSeries_sEEG')); skipping this run.
  sub-160 ses-01 run-EA1892D4: loading...
  WARNING: failed to read /oak/stanford/groups/ckeller1/data/iEEG_EHR/iEEG_NWB/sub-160/ses-01/ieeg/sub-160_ses-01_run-EA1892D4.nwb (KeyError('ElectricalSeries_sEEG')); skipping this run.
  sub-160 ses-01 run-EA1892D5: loading...
  WARNING: failed to read /oak/stanford/groups/ckeller1/data/iEEG_EHR/iEEG_NWB/sub-160/ses-01/ieeg/sub-160_ses-01_run-EA1892D5.nwb (KeyError('ElectricalSeries_sEEG')); skipping this run.
  sub-160 ses-01 run-EA1892D6: loading...
  WARNING: failed to read /oak/stanford/groups/ckeller1/data/iEEG_EHR/iEEG_NWB/sub-160/ses-01/ieeg/sub-160_ses-01_run-EA1892D6.nwb (KeyError('ElectricalSeries_sEEG')); skipping this run.
  sub-160 ses-01 run-EA1892D7: loading...
  WARNING: failed to read /oak/stanford/groups/ckeller1/data/iEEG_EHR/iEEG_NWB/sub-160/ses-01/ieeg/sub-160_ses-01_run-EA1892D7.nwb (KeyError('ElectricalSeries_sEEG')); skipping this run.
  sub-160 ses-01 run-EA1892D8: loading...
  WARNING: failed to read /oak/stanford/groups/ckeller1/data/iEEG_EHR/iEEG_NWB/sub-160/ses-01/ieeg/sub-160_ses-01_run-EA1892D8.nwb (KeyError('ElectricalSeries_sEEG')); skipping this run.
  sub-160 ses-01 run-EA1892D9: loading...
  WARNING: failed to read /oak/stanford/groups/ckeller1/data/iEEG_EHR/iEEG_NWB/sub-160/ses-01/ieeg/sub-160_ses-01_run-EA1892D9.nwb (KeyError('ElectricalSeries_sEEG')); skipping this run.
  sub-160 ses-01 run-EA1892DA: loading...
  WARNING: failed to read /oak/stanford/groups/ckeller1/data/iEEG_EHR/iEEG_NWB/sub-160/ses-01/ieeg/sub-160_ses-01_run-EA1892DA.nwb (KeyError('ElectricalSeries_sEEG')); skipping this run.
  sub-160 ses-01 run-EA1892DB: loading...
  WARNING: failed to read /oak/stanford/groups/ckeller1/data/iEEG_EHR/iEEG_NWB/sub-160/ses-01/ieeg/sub-160_ses-01_run-EA1892DB.nwb (KeyError('ElectricalSeries_sEEG')); skipping this run.
  sub-160 ses-01 run-EA1892DC: loading...
  WARNING: failed to read /oak/stanford/groups/ckeller1/data/iEEG_EHR/iEEG_NWB/sub-160/ses-01/ieeg/sub-160_ses-01_run-EA1892DC.nwb (KeyError('ElectricalSeries_sEEG')); skipping this run.
  sub-160 ses-01 run-EA1892DD: loading...
  WARNING: failed to read /oak/stanford/groups/ckeller1/data/iEEG_EHR/iEEG_NWB/sub-160/ses-01/ieeg/sub-160_ses-01_run-EA1892DD.nwb (KeyError('ElectricalSeries_sEEG')); skipping this run.
  sub-160 ses-01 run-EA1892DE: loading...
  WARNING: failed to read /oak/stanford/groups/ckeller1/data/iEEG_EHR/iEEG_NWB/sub-160/ses-01/ieeg/sub-160_ses-01_run-EA1892DE.nwb (KeyError('ElectricalSeries_sEEG')); skipping this run.
  sub-160 ses-01 run-EA1892DF: loading...
  WARNING: failed to read /oak/stanford/groups/ckeller1/data/iEEG_EHR/iEEG_NWB/sub-160/ses-01/ieeg/sub-160_ses-01_run-EA1892DF.nwb (KeyError('ElectricalSeries_sEEG')); skipping this run.
  sub-160 ses-01 run-EA1892DG: loading...
  WARNING: failed to read /oak/stanford/groups/ckeller1/data/iEEG_EHR/iEEG_NWB/sub-160/ses-01/ieeg/sub-160_ses-01_run-EA1892DG.nwb (KeyError('ElectricalSeries_sEEG')); skipping this run.
  sub-160 ses-01 run-EA1892DH: loading...
  WARNING: failed to read /oak/stanford/groups/ckeller1/data/iEEG_EHR/iEEG_NWB/sub-160/ses-01/ieeg/sub-160_ses-01_run-EA1892DH.nwb (KeyError('ElectricalSeries_sEEG')); skipping this run.
  sub-160 ses-01 run-EA1892DI: loading...
  WARNING: failed to read /oak/stanford/groups/ckeller1/data/iEEG_EHR/iEEG_NWB/sub-160/ses-01/ieeg/sub-160_ses-01_run-EA1892DI.nwb (KeyError('ElectricalSeries_sEEG')); skipping this run.
  sub-160 ses-01 run-EA1892DJ: loading...
  WARNING: failed to read /oak/stanford/groups/ckeller1/data/iEEG_EHR/iEEG_NWB/sub-160/ses-01/ieeg/sub-160_ses-01_run-EA1892DJ.nwb (KeyError('ElectricalSeries_sEEG')); skipping this run.
  Wrote /oak/stanford/groups/ckeller1/data/iEEG_EHR/derivatives/sisler/analysis/qc/per_window/sub-160_saturation.csv (0 rows)
  Wrote /oak/stanford/groups/ckeller1/data/iEEG_EHR/derivatives/sisler/analysis/qc/per_window/sub-160_flatline.csv (0 rows)
  Wrote /oak/stanford/groups/ckeller1/data/iEEG_EHR/derivatives/sisler/analysis/qc/per_window/sub-160_gross_artifact.csv (0 rows)
