
The following have been reloaded with a version change:
  1) gcc/14.2.0 => gcc/12.4.0

Array task 3 -> subject 107
Running on 1 subject(s): ['107']
=== sub-107 ===
  sub-107 ses-01 run-DA52648U: loading...
  sub-107 ses-01 run-DA52648V: loading...
  sub-107 ses-01 run-DA52648W: loading...
  sub-107 ses-01 run-DA52648X: loading...
  sub-107 ses-01 run-DA52648Y: loading...
  sub-107 ses-01 run-DA52648Z: loading...
Traceback (most recent call last):
  File "<frozen runpy>", line 198, in _run_module_as_main
  File "<frozen runpy>", line 88, in _run_code
  File "/home/groups/ckeller1/sisler/iEEG_EHR_Analysis/qc_scripts/run_pipeline.py", line 148, in <module>
    main()
  File "/home/groups/ckeller1/sisler/iEEG_EHR_Analysis/qc_scripts/run_pipeline.py", line 144, in main
    run(subjects)
  File "/home/groups/ckeller1/sisler/iEEG_EHR_Analysis/qc_scripts/run_pipeline.py", line 115, in run
    sat_rows, flat_rows, gross_rows = process_session(subject, session, runs)
                                      ^^^^^^^^^^^^^^^^^^^^^^^^^^^^^^^^^^^^^^^
  File "/home/groups/ckeller1/sisler/iEEG_EHR_Analysis/qc_scripts/run_pipeline.py", line 64, in process_session
    data_v, channel_names, sfreq = io_utils.load_all_channels(nwb_path)
                                   ^^^^^^^^^^^^^^^^^^^^^^^^^^^^^^^^^^^^
  File "/home/groups/ckeller1/sisler/iEEG_EHR_Analysis/qc_scripts/io_utils.py", line 71, in load_all_channels
    data_v = series.data[:].astype(np.float32) * np.float32(series.conversion)
             ~~~~~~~~~~~^^^
  File "h5py/_objects.pyx", line 56, in h5py._objects.with_phil.wrapper
  File "h5py/_objects.pyx", line 57, in h5py._objects.with_phil.wrapper
  File "/home/groups/ckeller1/venvs/ieeg_ehr_analysis/lib/python3.12/site-packages/h5py/_hl/dataset.py", line 820, in __getitem__
    return self._fast_reader.read(args)
           ^^^^^^^^^^^^^^^^^^^^^^^^^^^^
  File "h5py/_selector.pyx", line 376, in h5py._selector.Reader.read
OSError: Can't synchronously read data (filter returned failure during read)
