
The following have been reloaded with a version change:
  1) gcc/14.2.0 => gcc/12.4.0

Array task 4 -> subject 160
Running on 1 subject(s): ['160']
=== sub-160 ===
  sub-160 ses-01 run-EA18926Y: loading...
Traceback (most recent call last):
  File "<frozen runpy>", line 198, in _run_module_as_main
  File "<frozen runpy>", line 88, in _run_code
  File "/home/groups/ckeller1/sisler/iEEG_EHR_Analysis/qc_scripts/run_pipeline.py", line 148, in <module>
    main()
  File "/home/groups/ckeller1/sisler/iEEG_EHR_Analysis/qc_scripts/run_pipeline.py", line 144, in main
    run(subjects)
  File "/home/groups/ckeller1/sisler/iEEG_EHR_Analysis/qc_scripts/run_pipeline.py", line 115, in run
    sat_rows, flat_rows, gross_rows = process_session(subject, session, runs)
                                      ^^^^^^^^^^^^^^^^^^^^^^^^^^^^^^^^^^^^^^^
  File "/home/groups/ckeller1/sisler/iEEG_EHR_Analysis/qc_scripts/run_pipeline.py", line 64, in process_session
    data_v, channel_names, sfreq = io_utils.load_all_channels(nwb_path)
                                   ^^^^^^^^^^^^^^^^^^^^^^^^^^^^^^^^^^^^
  File "/home/groups/ckeller1/sisler/iEEG_EHR_Analysis/qc_scripts/io_utils.py", line 60, in load_all_channels
    series = nwb.acquisition['ElectricalSeries_sEEG']
             ~~~~~~~~~~~~~~~^^^^^^^^^^^^^^^^^^^^^^^^^
  File "/home/groups/ckeller1/venvs/ieeg_ehr_analysis/lib/python3.12/site-packages/hdmf/utils.py", line 1069, in __getitem__
    return super().__getitem__(key)
           ^^^^^^^^^^^^^^^^^^^^^^^^
KeyError: 'ElectricalSeries_sEEG'
